Archive member included to satisfy reference by file (symbol)

BSP/\libhal_bsp.a(alt_load.o)
                              BSP//obj/HAL/src/crt0.o (alt_load)
BSP/\libhal_bsp.a(alt_main.o)
                              BSP//obj/HAL/src/crt0.o (alt_main)
BSP/\libhal_bsp.a(alt_sys_init.o)
                              BSP/\libhal_bsp.a(alt_main.o) (alt_irq_init)
BSP/\libhal_bsp.a(altera_avalon_jtag_uart_fd.o)
                              BSP/\libhal_bsp.a(alt_sys_init.o) (altera_avalon_jtag_uart_read_fd)
BSP/\libhal_bsp.a(altera_avalon_jtag_uart_init.o)
                              BSP/\libhal_bsp.a(alt_sys_init.o) (altera_avalon_jtag_uart_init)
BSP/\libhal_bsp.a(altera_avalon_jtag_uart_ioctl.o)
                              BSP/\libhal_bsp.a(altera_avalon_jtag_uart_fd.o) (altera_avalon_jtag_uart_ioctl)
BSP/\libhal_bsp.a(altera_avalon_jtag_uart_read.o)
                              BSP/\libhal_bsp.a(altera_avalon_jtag_uart_fd.o) (altera_avalon_jtag_uart_read)
BSP/\libhal_bsp.a(altera_avalon_jtag_uart_write.o)
                              BSP/\libhal_bsp.a(altera_avalon_jtag_uart_fd.o) (altera_avalon_jtag_uart_write)
BSP/\libhal_bsp.a(altera_avalon_timer_sc.o)
                              BSP/\libhal_bsp.a(alt_sys_init.o) (alt_avalon_timer_sc_init)
BSP/\libhal_bsp.a(altera_up_avalon_character_lcd.o)
                              BSP/\libhal_bsp.a(alt_sys_init.o) (alt_up_character_lcd_init)
BSP/\libhal_bsp.a(altera_up_avalon_irda.o)
                              BSP/\libhal_bsp.a(alt_sys_init.o) (alt_up_irda_read_fd)
BSP/\libhal_bsp.a(altera_up_avalon_ps2.o)
                              BSP/\libhal_bsp.a(alt_sys_init.o) (alt_up_ps2_init)
BSP/\libhal_bsp.a(altera_up_avalon_rs232.o)
                              BSP/\libhal_bsp.a(alt_sys_init.o) (alt_up_rs232_read_fd)
BSP/\libhal_bsp.a(altera_up_avalon_video_character_buffer_with_dma.o)
                              BSP/\libhal_bsp.a(alt_sys_init.o) (alt_up_char_buffer_init)
BSP/\libhal_bsp.a(alt_alarm_start.o)
                              BSP/\libhal_bsp.a(altera_avalon_jtag_uart_init.o) (alt_alarm_start)
BSP/\libhal_bsp.a(alt_close.o)
                              BSP/\libhal_bsp.a(alt_main.o) (close)
BSP/\libhal_bsp.a(alt_dcache_flush_all.o)
                              BSP/\libhal_bsp.a(alt_load.o) (alt_dcache_flush_all)
BSP/\libhal_bsp.a(alt_dev.o)  BSP/\libhal_bsp.a(alt_close.o) (alt_fd_list)
BSP/\libhal_bsp.a(alt_dev_llist_insert.o)
                              BSP/\libhal_bsp.a(alt_sys_init.o) (alt_dev_llist_insert)
BSP/\libhal_bsp.a(alt_errno.o)
                              BSP/\libhal_bsp.a(alt_close.o) (alt_errno)
BSP/\libhal_bsp.a(alt_find_dev.o)
                              BSP/\libhal_bsp.a(altera_up_avalon_character_lcd.o) (alt_find_dev)
BSP/\libhal_bsp.a(alt_icache_flush_all.o)
                              BSP/\libhal_bsp.a(alt_load.o) (alt_icache_flush_all)
BSP/\libhal_bsp.a(alt_io_redirect.o)
                              BSP/\libhal_bsp.a(alt_main.o) (alt_io_redirect)
BSP/\libhal_bsp.a(alt_irq_register.o)
                              BSP/\libhal_bsp.a(altera_avalon_jtag_uart_init.o) (alt_irq_register)
BSP/\libhal_bsp.a(alt_irq_vars.o)
                              BSP/\libhal_bsp.a(alt_irq_register.o) (alt_irq_active)
BSP/\libhal_bsp.a(alt_open.o)
                              BSP/\libhal_bsp.a(alt_io_redirect.o) (open)
BSP/\libhal_bsp.a(alt_release_fd.o)
                              BSP/\libhal_bsp.a(alt_close.o) (alt_release_fd)
BSP/\libhal_bsp.a(alt_tick.o)
                              BSP/\libhal_bsp.a(altera_avalon_timer_sc.o) (alt_tick)
BSP/\libhal_bsp.a(altera_nios2_gen2_irq.o)
                              BSP/\libhal_bsp.a(alt_sys_init.o) (altera_nios2_gen2_irq_init)
BSP/\libhal_bsp.a(alt_find_file.o)
                              BSP/\libhal_bsp.a(alt_open.o) (alt_find_file)
BSP/\libhal_bsp.a(alt_get_fd.o)
                              BSP/\libhal_bsp.a(alt_open.o) (alt_get_fd)
BSP/\libhal_bsp.a(alt_icache_flush.o)
                              BSP/\libhal_bsp.a(alt_icache_flush_all.o) (alt_icache_flush)
BSP/\libhal_bsp.a(alt_irq_entry.o)
                              BSP/\libhal_bsp.a(alt_irq_register.o) (alt_irq_entry)
BSP/\libhal_bsp.a(alt_irq_handler.o)
                              BSP/\libhal_bsp.a(alt_irq_register.o) (alt_irq_handler)
BSP/\libhal_bsp.a(alt_exception_entry.o)
                              BSP/\libhal_bsp.a(alt_irq_entry.o) (alt_exception)
BSP/\libhal_bsp.a(alt_instruction_exception_entry.o)
                              BSP/\libhal_bsp.a(alt_exception_entry.o) (alt_instruction_exception_entry)
c:/altera/15.0/nios2eds/bin/gnu/h-x86_64-mingw32/bin/../lib/gcc/nios2-elf/4.9.1/../../../../../H-x86_64-mingw32/nios2-elf/lib/mhw-mulx\libc.a(lib_a-exit.o)
                              BSP/\libhal_bsp.a(alt_main.o) (exit)
c:/altera/15.0/nios2eds/bin/gnu/h-x86_64-mingw32/bin/../lib/gcc/nios2-elf/4.9.1/../../../../../H-x86_64-mingw32/nios2-elf/lib/mhw-mulx\libc.a(lib_a-impure.o)
                              c:/altera/15.0/nios2eds/bin/gnu/h-x86_64-mingw32/bin/../lib/gcc/nios2-elf/4.9.1/../../../../../H-x86_64-mingw32/nios2-elf/lib/mhw-mulx\libc.a(lib_a-exit.o) (_global_impure_ptr)
c:/altera/15.0/nios2eds/bin/gnu/h-x86_64-mingw32/bin/../lib/gcc/nios2-elf/4.9.1/../../../../../H-x86_64-mingw32/nios2-elf/lib/mhw-mulx\libc.a(lib_a-int_errno.o)
                              BSP/\libhal_bsp.a(alt_close.o) (errno)
c:/altera/15.0/nios2eds/bin/gnu/h-x86_64-mingw32/bin/../lib/gcc/nios2-elf/4.9.1/../../../../../H-x86_64-mingw32/nios2-elf/lib/mhw-mulx\libc.a(lib_a-memcmp.o)
                              BSP/\libhal_bsp.a(alt_find_dev.o) (memcmp)
c:/altera/15.0/nios2eds/bin/gnu/h-x86_64-mingw32/bin/../lib/gcc/nios2-elf/4.9.1/../../../../../H-x86_64-mingw32/nios2-elf/lib/mhw-mulx\libc.a(lib_a-memcpy.o)
                              BSP/\libhal_bsp.a(altera_avalon_jtag_uart_read.o) (memcpy)
c:/altera/15.0/nios2eds/bin/gnu/h-x86_64-mingw32/bin/../lib/gcc/nios2-elf/4.9.1/../../../../../H-x86_64-mingw32/nios2-elf/lib/mhw-mulx\libc.a(lib_a-strcmp.o)
                              BSP/\libhal_bsp.a(altera_up_avalon_video_character_buffer_with_dma.o) (strcmp)
c:/altera/15.0/nios2eds/bin/gnu/h-x86_64-mingw32/bin/../lib/gcc/nios2-elf/4.9.1/../../../../../H-x86_64-mingw32/nios2-elf/lib/mhw-mulx\libc.a(lib_a-strlen.o)
                              BSP/\libhal_bsp.a(alt_find_dev.o) (strlen)
c:/altera/15.0/nios2eds/bin/gnu/h-x86_64-mingw32/bin/../lib/gcc/nios2-elf/4.9.1/../../../../../H-x86_64-mingw32/nios2-elf/lib/mhw-mulx\libc.a(lib_a-__call_atexit.o)
                              c:/altera/15.0/nios2eds/bin/gnu/h-x86_64-mingw32/bin/../lib/gcc/nios2-elf/4.9.1/../../../../../H-x86_64-mingw32/nios2-elf/lib/mhw-mulx\libc.a(lib_a-exit.o) (__call_exitprocs)
BSP/\libhal_bsp.a(alt_exit.o)
                              c:/altera/15.0/nios2eds/bin/gnu/h-x86_64-mingw32/bin/../lib/gcc/nios2-elf/4.9.1/../../../../../H-x86_64-mingw32/nios2-elf/lib/mhw-mulx\libc.a(lib_a-exit.o) (_exit)

Allocating common symbols
Common symbol       size              file

alt_irq             0x100             BSP/\libhal_bsp.a(alt_irq_handler.o)
errno               0x4               c:/altera/15.0/nios2eds/bin/gnu/h-x86_64-mingw32/bin/../lib/gcc/nios2-elf/4.9.1/../../../../../H-x86_64-mingw32/nios2-elf/lib/mhw-mulx\libc.a(lib_a-int_errno.o)

Memory Configuration

Name             Origin             Length             Attributes
reset            0x0000000000000000 0x0000000000000020
SDRAM            0x0000000000000020 0x0000000003ffffe0
Flash_flash_data 0x000000000c000000 0x0000000000800000
*default*        0x0000000000000000 0xffffffffffffffff

Linker script and memory map

LOAD BSP//obj/HAL/src/crt0.o
LOAD obj/default//C/ECE5760_Epiphyte/lab2_DDA/DE2-115-640x480/DE2-115_Media_Computer/app_software/JTAG_UART_C/JTAG_UART.o
LOAD c:/altera/15.0/nios2eds/bin/gnu/h-x86_64-mingw32/bin/../lib/gcc/nios2-elf/4.9.1/../../../../../H-x86_64-mingw32/nios2-elf/lib/mhw-mulx\libstdc++.a
LOAD c:/altera/15.0/nios2eds/bin/gnu/h-x86_64-mingw32/bin/../lib/gcc/nios2-elf/4.9.1/../../../../../H-x86_64-mingw32/nios2-elf/lib/mhw-mulx\libm.a
LOAD c:/altera/15.0/nios2eds/bin/gnu/h-x86_64-mingw32/bin/../lib/gcc/nios2-elf/4.9.1/mhw-mulx\libgcc.a
START GROUP
LOAD c:/altera/15.0/nios2eds/bin/gnu/h-x86_64-mingw32/bin/../lib/gcc/nios2-elf/4.9.1/../../../../../H-x86_64-mingw32/nios2-elf/lib/mhw-mulx\libc.a
LOAD c:/altera/15.0/nios2eds/bin/gnu/h-x86_64-mingw32/bin/../lib/gcc/nios2-elf/4.9.1/mhw-mulx\libgcc.a
LOAD BSP/\libhal_bsp.a
LOAD c:/altera/15.0/nios2eds/bin/gnu/h-x86_64-mingw32/bin/../lib/gcc/nios2-elf/4.9.1/../../../../../H-x86_64-mingw32/nios2-elf/lib/mhw-mulx\libm.a
END GROUP
LOAD c:/altera/15.0/nios2eds/bin/gnu/h-x86_64-mingw32/bin/../lib/gcc/nios2-elf/4.9.1/mhw-mulx\libgcc.a
                0x0000000000000000                __alt_mem_SDRAM = 0x0
                0x000000000c000000                __alt_mem_Flash_flash_data = 0xc000000

.entry          0x0000000000000000       0x20
 *(.entry)
 .entry         0x0000000000000000       0x20 BSP//obj/HAL/src/crt0.o
                0x0000000000000000                __reset

.exceptions     0x0000000000000020      0x1a8
                0x0000000000000020                PROVIDE (__ram_exceptions_start, ABSOLUTE (.))
                0x0000000000000020                . = ALIGN (0x20)
 *(.irq)
 *(.exceptions.entry.label)
 .exceptions.entry.label
                0x0000000000000020        0x0 BSP/\libhal_bsp.a(alt_irq_entry.o)
                0x0000000000000020                alt_irq_entry
 .exceptions.entry.label
                0x0000000000000020        0x0 BSP/\libhal_bsp.a(alt_exception_entry.o)
                0x0000000000000020                alt_exception
 *(.exceptions.entry.user)
 *(.exceptions.entry.ecc_fatal)
 *(.exceptions.entry)
 .exceptions.entry
                0x0000000000000020       0x54 BSP/\libhal_bsp.a(alt_exception_entry.o)
 *(.exceptions.irqtest.user)
 *(.exceptions.irqtest)
 .exceptions.irqtest
                0x0000000000000074       0x10 BSP/\libhal_bsp.a(alt_irq_entry.o)
 *(.exceptions.irqhandler.user)
 *(.exceptions.irqhandler)
 .exceptions.irqhandler
                0x0000000000000084        0x4 BSP/\libhal_bsp.a(alt_irq_entry.o)
 *(.exceptions.irqreturn.user)
 *(.exceptions.irqreturn)
 .exceptions.irqreturn
                0x0000000000000088        0x4 BSP/\libhal_bsp.a(alt_irq_entry.o)
 *(.exceptions.notirq.label)
 .exceptions.notirq.label
                0x000000000000008c        0x0 BSP/\libhal_bsp.a(alt_irq_entry.o)
 *(.exceptions.notirq.user)
 *(.exceptions.notirq)
 .exceptions.notirq
                0x000000000000008c        0x8 BSP/\libhal_bsp.a(alt_exception_entry.o)
 *(.exceptions.soft.user)
 *(.exceptions.soft)
 *(.exceptions.unknown.user)
 *(.exceptions.unknown)
 .exceptions.unknown
                0x0000000000000094       0x14 BSP/\libhal_bsp.a(alt_exception_entry.o)
 *(.exceptions.exit.label)
 .exceptions.exit.label
                0x00000000000000a8        0x0 BSP/\libhal_bsp.a(alt_irq_entry.o)
 .exceptions.exit.label
                0x00000000000000a8        0x0 BSP/\libhal_bsp.a(alt_exception_entry.o)
 *(.exceptions.exit.user)
 *(.exceptions.exit)
 .exceptions.exit
                0x00000000000000a8       0x54 BSP/\libhal_bsp.a(alt_exception_entry.o)
 *(.exceptions)
 .exceptions    0x00000000000000fc       0x88 BSP/\libhal_bsp.a(alt_irq_handler.o)
                0x00000000000000fc                alt_irq_handler
 .exceptions    0x0000000000000184       0x44 BSP/\libhal_bsp.a(alt_instruction_exception_entry.o)
                0x0000000000000184                alt_instruction_exception_entry
                0x00000000000001c8                PROVIDE (__ram_exceptions_end, ABSOLUTE (.))
                0x0000000000000020                PROVIDE (__flash_exceptions_start, LOADADDR (.exceptions))

.text           0x00000000000001c8     0x2400
                0x00000000000001c8                PROVIDE (stext, ABSOLUTE (.))
 *(.interp)
 *(.hash)
 *(.dynsym)
 *(.dynstr)
 *(.gnu.version)
 *(.gnu.version_d)
 *(.gnu.version_r)
 *(.rel.init)
 *(.rela.init)
 *(.rel.text .rel.text.* .rel.gnu.linkonce.t.*)
 *(.rela.text .rela.text.* .rela.gnu.linkonce.t.*)
 *(.rel.fini)
 *(.rela.fini)
 *(.rel.rodata .rel.rodata.* .rel.gnu.linkonce.r.*)
 *(.rela.rodata .rela.rodata.* .rela.gnu.linkonce.r.*)
 *(.rel.data .rel.data.* .rel.gnu.linkonce.d.*)
 *(.rela.data .rela.data.* .rela.gnu.linkonce.d.*)
 *(.rel.tdata .rel.tdata.* .rel.gnu.linkonce.td.*)
 *(.rela.tdata .rela.tdata.* .rela.gnu.linkonce.td.*)
 *(.rel.tbss .rel.tbss.* .rel.gnu.linkonce.tb.*)
 *(.rela.tbss .rela.tbss.* .rela.gnu.linkonce.tb.*)
 *(.rel.ctors)
 *(.rela.ctors)
 *(.rel.dtors)
 *(.rela.dtors)
 *(.rel.got)
 *(.rela.got)
 *(.rel.sdata .rel.sdata.* .rel.gnu.linkonce.s.*)
 *(.rela.sdata .rela.sdata.* .rela.gnu.linkonce.s.*)
 *(.rel.sbss .rel.sbss.* .rel.gnu.linkonce.sb.*)
 *(.rela.sbss .rela.sbss.* .rela.gnu.linkonce.sb.*)
 *(.rel.sdata2 .rel.sdata2.* .rel.gnu.linkonce.s2.*)
 *(.rela.sdata2 .rela.sdata2.* .rela.gnu.linkonce.s2.*)
 *(.rel.sbss2 .rel.sbss2.* .rel.gnu.linkonce.sb2.*)
 *(.rela.sbss2 .rela.sbss2.* .rela.gnu.linkonce.sb2.*)
 *(.rel.bss .rel.bss.* .rel.gnu.linkonce.b.*)
 *(.rela.bss .rela.bss.* .rela.gnu.linkonce.b.*)
 *(.rel.plt)
 *(.rela.plt)
 *(.rel.dyn)
 *(.init)
 *(.plt)
 *(.text .stub .text.* .gnu.linkonce.t.*)
 .text          0x00000000000001c8       0x3c BSP//obj/HAL/src/crt0.o
                0x00000000000001c8                _start
 .text          0x0000000000000204       0xe4 obj/default//C/ECE5760_Epiphyte/lab2_DDA/DE2-115-640x480/DE2-115_Media_Computer/app_software/JTAG_UART_C/JTAG_UART.o
                0x0000000000000204                put_jtag
                0x0000000000000224                main
 .text          0x00000000000002e8      0x184 BSP/\libhal_bsp.a(alt_load.o)
                0x00000000000002e8                alt_load
 .text          0x000000000000046c       0x50 BSP/\libhal_bsp.a(alt_main.o)
                0x000000000000046c                alt_main
 .text          0x00000000000004bc      0x31c BSP/\libhal_bsp.a(alt_sys_init.o)
                0x00000000000004bc                alt_irq_init
                0x00000000000004dc                alt_sys_init
 .text          0x00000000000007d8       0x98 BSP/\libhal_bsp.a(altera_avalon_jtag_uart_fd.o)
                0x00000000000007d8                altera_avalon_jtag_uart_read_fd
                0x0000000000000800                altera_avalon_jtag_uart_write_fd
                0x0000000000000828                altera_avalon_jtag_uart_close_fd
                0x0000000000000850                altera_avalon_jtag_uart_ioctl_fd
 .text          0x0000000000000870      0x20c BSP/\libhal_bsp.a(altera_avalon_jtag_uart_init.o)
                0x00000000000009c8                altera_avalon_jtag_uart_init
                0x0000000000000a40                altera_avalon_jtag_uart_close
 .text          0x0000000000000a7c       0x88 BSP/\libhal_bsp.a(altera_avalon_jtag_uart_ioctl.o)
                0x0000000000000a7c                altera_avalon_jtag_uart_ioctl
 .text          0x0000000000000b04      0x150 BSP/\libhal_bsp.a(altera_avalon_jtag_uart_read.o)
                0x0000000000000b04                altera_avalon_jtag_uart_read
 .text          0x0000000000000c54      0x198 BSP/\libhal_bsp.a(altera_avalon_jtag_uart_write.o)
                0x0000000000000c54                altera_avalon_jtag_uart_write
 .text          0x0000000000000dec       0x88 BSP/\libhal_bsp.a(altera_avalon_timer_sc.o)
                0x0000000000000e28                alt_avalon_timer_sc_init
 .text          0x0000000000000e74      0x200 BSP/\libhal_bsp.a(altera_up_avalon_character_lcd.o)
                0x0000000000000e74                get_DDRAM_addr
                0x0000000000000e88                alt_up_character_lcd_send_cmd
                0x0000000000000e94                alt_up_character_lcd_init
                0x0000000000000ea4                alt_up_character_lcd_open_dev
                0x0000000000000ec4                alt_up_character_lcd_write
                0x0000000000000ee8                alt_up_character_lcd_string
                0x0000000000000f20                alt_up_character_lcd_write_fd
                0x0000000000000f40                alt_up_character_lcd_set_cursor_pos
                0x0000000000000f80                alt_up_character_lcd_shift_cursor
                0x0000000000000fc4                alt_up_character_lcd_shift_display
                0x0000000000001008                alt_up_character_lcd_erase_pos
                0x0000000000001054                alt_up_character_lcd_cursor_off
                0x0000000000001064                alt_up_character_lcd_cursor_blink_on
 .text          0x0000000000001074      0x180 BSP/\libhal_bsp.a(altera_up_avalon_irda.o)
                0x0000000000001074                alt_up_irda_enable_read_interrupt
                0x000000000000108c                alt_up_irda_disable_read_interrupt
                0x00000000000010a8                alt_up_irda_get_used_space_in_read_FIFO
                0x00000000000010b8                alt_up_irda_get_available_space_in_write_FIFO
                0x00000000000010c8                alt_up_irda_check_parity
                0x00000000000010d8                alt_up_irda_write_data
                0x00000000000010ec                alt_up_irda_read_data
                0x0000000000001138                alt_up_irda_read_fd
                0x00000000000011a8                alt_up_irda_write_fd
                0x00000000000011d4                alt_up_irda_open_dev
 .text          0x00000000000011f4      0x2d0 BSP/\libhal_bsp.a(altera_up_avalon_ps2.o)
                0x00000000000011f4                read_RI_bit
                0x0000000000001200                read_RE_bit
                0x0000000000001208                read_CE_bit
                0x0000000000001214                read_num_bytes_available
                0x000000000000121c                read_data_valid
                0x0000000000001228                read_data_byte
                0x0000000000001230                alt_up_ps2_enable_read_interrupt
                0x0000000000001248                alt_up_ps2_disable_read_interrupt
                0x0000000000001264                alt_up_ps2_write_data_byte
                0x0000000000001284                alt_up_ps2_read_data_byte_timeout
                0x00000000000012bc                alt_up_ps2_wait_for_ack
                0x0000000000001318                alt_up_ps2_write_data_byte_with_ack
                0x000000000000134c                alt_up_ps2_init
                0x00000000000013d0                alt_up_ps2_read_data_byte
                0x00000000000013f4                alt_up_ps2_clear_fifo
                0x0000000000001408                alt_up_ps2_read_fd
                0x0000000000001430                alt_up_ps2_write_fd
                0x00000000000014a4                alt_up_ps2_open_dev
 .text          0x00000000000014c4      0x180 BSP/\libhal_bsp.a(altera_up_avalon_rs232.o)
                0x00000000000014c4                alt_up_rs232_enable_read_interrupt
                0x00000000000014dc                alt_up_rs232_disable_read_interrupt
                0x00000000000014f8                alt_up_rs232_get_used_space_in_read_FIFO
                0x0000000000001508                alt_up_rs232_get_available_space_in_write_FIFO
                0x0000000000001518                alt_up_rs232_check_parity
                0x0000000000001528                alt_up_rs232_write_data
                0x000000000000153c                alt_up_rs232_read_data
                0x0000000000001588                alt_up_rs232_read_fd
                0x00000000000015f8                alt_up_rs232_write_fd
                0x0000000000001624                alt_up_rs232_open_dev
 .text          0x0000000000001644      0x18c BSP/\libhal_bsp.a(altera_up_avalon_video_character_buffer_with_dma.o)
                0x0000000000001644                alt_up_char_buffer_init
                0x00000000000016a0                alt_up_char_buffer_open_dev
                0x00000000000016c0                alt_up_char_buffer_draw
                0x0000000000001718                alt_up_char_buffer_string
                0x00000000000017b0                alt_up_char_buffer_clear
 .text          0x00000000000017d0       0x94 BSP/\libhal_bsp.a(alt_alarm_start.o)
                0x00000000000017d0                alt_alarm_start
 .text          0x0000000000001864       0xcc BSP/\libhal_bsp.a(alt_close.o)
                0x0000000000001864                close
 .text          0x0000000000001930        0x4 BSP/\libhal_bsp.a(alt_dcache_flush_all.o)
                0x0000000000001930                alt_dcache_flush_all
 .text          0x0000000000001934        0x8 BSP/\libhal_bsp.a(alt_dev.o)
 .text          0x000000000000193c       0x80 BSP/\libhal_bsp.a(alt_dev_llist_insert.o)
                0x000000000000193c                alt_dev_llist_insert
 .text          0x00000000000019bc        0x0 BSP/\libhal_bsp.a(alt_errno.o)
 .text          0x00000000000019bc       0x7c BSP/\libhal_bsp.a(alt_find_dev.o)
                0x00000000000019bc                alt_find_dev
 .text          0x0000000000001a38       0x20 BSP/\libhal_bsp.a(alt_icache_flush_all.o)
                0x0000000000001a38                alt_icache_flush_all
 .text          0x0000000000001a58       0xfc BSP/\libhal_bsp.a(alt_io_redirect.o)
                0x0000000000001abc                alt_io_redirect
 .text          0x0000000000001b54       0xbc BSP/\libhal_bsp.a(alt_irq_register.o)
                0x0000000000001b54                alt_irq_register
 .text          0x0000000000001c10        0x0 BSP/\libhal_bsp.a(alt_irq_vars.o)
 .text          0x0000000000001c10      0x1a8 BSP/\libhal_bsp.a(alt_open.o)
                0x0000000000001c10                open
 .text          0x0000000000001db8       0x24 BSP/\libhal_bsp.a(alt_release_fd.o)
                0x0000000000001db8                alt_release_fd
 .text          0x0000000000001ddc      0x104 BSP/\libhal_bsp.a(alt_tick.o)
                0x0000000000001ddc                alt_alarm_stop
                0x0000000000001e14                alt_tick
 .text          0x0000000000001ee0        0x8 BSP/\libhal_bsp.a(altera_nios2_gen2_irq.o)
                0x0000000000001ee0                altera_nios2_gen2_irq_init
 .text          0x0000000000001ee8       0xcc BSP/\libhal_bsp.a(alt_find_file.o)
                0x0000000000001ee8                alt_find_file
 .text          0x0000000000001fb4       0x78 BSP/\libhal_bsp.a(alt_get_fd.o)
                0x0000000000001fb4                alt_get_fd
 .text          0x000000000000202c       0x58 BSP/\libhal_bsp.a(alt_icache_flush.o)
                0x000000000000202c                alt_icache_flush
 .text          0x0000000000002084        0x0 BSP/\libhal_bsp.a(alt_irq_entry.o)
 .text          0x0000000000002084        0x0 BSP/\libhal_bsp.a(alt_irq_handler.o)
 .text          0x0000000000002084        0x0 BSP/\libhal_bsp.a(alt_exception_entry.o)
 .text          0x0000000000002084       0x74 BSP/\libhal_bsp.a(alt_instruction_exception_entry.o)
                0x0000000000002084                alt_exception_cause_generated_bad_addr
 .text          0x00000000000020f8       0x38 c:/altera/15.0/nios2eds/bin/gnu/h-x86_64-mingw32/bin/../lib/gcc/nios2-elf/4.9.1/../../../../../H-x86_64-mingw32/nios2-elf/lib/mhw-mulx\libc.a(lib_a-exit.o)
                0x00000000000020f8                exit
 .text          0x0000000000002130        0x0 c:/altera/15.0/nios2eds/bin/gnu/h-x86_64-mingw32/bin/../lib/gcc/nios2-elf/4.9.1/../../../../../H-x86_64-mingw32/nios2-elf/lib/mhw-mulx\libc.a(lib_a-impure.o)
 .text          0x0000000000002130        0x0 c:/altera/15.0/nios2eds/bin/gnu/h-x86_64-mingw32/bin/../lib/gcc/nios2-elf/4.9.1/../../../../../H-x86_64-mingw32/nios2-elf/lib/mhw-mulx\libc.a(lib_a-int_errno.o)
 .text          0x0000000000002130       0x7c c:/altera/15.0/nios2eds/bin/gnu/h-x86_64-mingw32/bin/../lib/gcc/nios2-elf/4.9.1/../../../../../H-x86_64-mingw32/nios2-elf/lib/mhw-mulx\libc.a(lib_a-memcmp.o)
                0x0000000000002130                memcmp
 .text          0x00000000000021ac      0x138 c:/altera/15.0/nios2eds/bin/gnu/h-x86_64-mingw32/bin/../lib/gcc/nios2-elf/4.9.1/../../../../../H-x86_64-mingw32/nios2-elf/lib/mhw-mulx\libc.a(lib_a-memcpy.o)
                0x00000000000021ac                memcpy
 .text          0x00000000000022e4       0xa4 c:/altera/15.0/nios2eds/bin/gnu/h-x86_64-mingw32/bin/../lib/gcc/nios2-elf/4.9.1/../../../../../H-x86_64-mingw32/nios2-elf/lib/mhw-mulx\libc.a(lib_a-strcmp.o)
                0x00000000000022e4                strcmp
 .text          0x0000000000002388       0x98 c:/altera/15.0/nios2eds/bin/gnu/h-x86_64-mingw32/bin/../lib/gcc/nios2-elf/4.9.1/../../../../../H-x86_64-mingw32/nios2-elf/lib/mhw-mulx\libc.a(lib_a-strlen.o)
                0x0000000000002388                strlen
 .text          0x0000000000002420      0x194 c:/altera/15.0/nios2eds/bin/gnu/h-x86_64-mingw32/bin/../lib/gcc/nios2-elf/4.9.1/../../../../../H-x86_64-mingw32/nios2-elf/lib/mhw-mulx\libc.a(lib_a-__call_atexit.o)
                0x0000000000002420                __call_exitprocs
 .text          0x00000000000025b4       0x14 BSP/\libhal_bsp.a(alt_exit.o)
                0x00000000000025b4                _exit
 *(.gnu.warning.*)
 *(.fini)
                0x00000000000025c8                PROVIDE (__etext, ABSOLUTE (.))
                0x00000000000025c8                PROVIDE (_etext, ABSOLUTE (.))
                0x00000000000025c8                PROVIDE (etext, ABSOLUTE (.))
 *(.eh_frame_hdr)
                0x00000000000025c8                . = ALIGN (0x4)
                0x00000000000025c8                PROVIDE (__preinit_array_start, ABSOLUTE (.))
 *(.preinit_array)
                0x00000000000025c8                PROVIDE (__preinit_array_end, ABSOLUTE (.))
                0x00000000000025c8                PROVIDE (__init_array_start, ABSOLUTE (.))
 *(.init_array)
                0x00000000000025c8                PROVIDE (__init_array_end, ABSOLUTE (.))
                0x00000000000025c8                PROVIDE (__fini_array_start, ABSOLUTE (.))
 *(.fini_array)
                0x00000000000025c8                PROVIDE (__fini_array_end, ABSOLUTE (.))
 *(.eh_frame)
 *(.gcc_except_table .gcc_except_table.*)
 *(.dynamic)
                0x00000000000025c8                PROVIDE (__CTOR_LIST__, ABSOLUTE (.))
 *(.ctors)
 *(SORT(.ctors.*))
                0x00000000000025c8                PROVIDE (__CTOR_END__, ABSOLUTE (.))
                0x00000000000025c8                PROVIDE (__DTOR_LIST__, ABSOLUTE (.))
 *(.dtors)
 *(SORT(.dtors.*))
                0x00000000000025c8                PROVIDE (__DTOR_END__, ABSOLUTE (.))
 *(.jcr)
                0x00000000000025c8                . = ALIGN (0x4)

.rodata         0x00000000000025c8      0x1d8
                0x00000000000025c8                PROVIDE (__ram_rodata_start, ABSOLUTE (.))
                0x00000000000025c8                . = ALIGN (0x4)
 *(.rodata .rodata.* .gnu.linkonce.r.*)
 .rodata        0x00000000000025c8       0x1c obj/default//C/ECE5760_Epiphyte/lab2_DDA/DE2-115-640x480/DE2-115_Media_Computer/app_software/JTAG_UART_C/JTAG_UART.o
 .rodata.str1.4
                0x00000000000025e4        0xf BSP/\libhal_bsp.a(alt_main.o)
                                         0x10 (size before relaxing)
 *fill*         0x00000000000025f3        0x1 
 .rodata.str1.4
                0x00000000000025f4      0x17f BSP/\libhal_bsp.a(alt_sys_init.o)
                                        0x190 (size before relaxing)
 *fill*         0x0000000000002773        0x1 
 .rodata.str1.4
                0x0000000000002774       0x1a BSP/\libhal_bsp.a(altera_up_avalon_video_character_buffer_with_dma.o)
                                         0x1c (size before relaxing)
 *fill*         0x000000000000278e        0x2 
 .rodata.str1.4
                0x0000000000002790        0xa BSP/\libhal_bsp.a(alt_dev.o)
                                          0xc (size before relaxing)
 *fill*         0x000000000000279a        0x2 
 .rodata.str1.4
                0x000000000000279c        0x4 c:/altera/15.0/nios2eds/bin/gnu/h-x86_64-mingw32/bin/../lib/gcc/nios2-elf/4.9.1/../../../../../H-x86_64-mingw32/nios2-elf/lib/mhw-mulx\libc.a(lib_a-impure.o)
 *(.rodata1)
                0x00000000000027a0                . = ALIGN (0x4)
                0x00000000000027a0                PROVIDE (__ram_rodata_end, ABSOLUTE (.))
                0x00000000000025c8                PROVIDE (__flash_rodata_start, LOADADDR (.rodata))

.rwdata         0x00000000000027a0     0x19dc load address 0x000000000000417c
                0x00000000000027a0                PROVIDE (__ram_rwdata_start, ABSOLUTE (.))
                0x00000000000027a0                . = ALIGN (0x4)
 *(.got.plt)
 *(.got)
 *(.data1)
 *(.data .data.* .gnu.linkonce.d.*)
 .data          0x00000000000027a0        0x0 BSP//obj/HAL/src/crt0.o
 .data          0x00000000000027a0        0x0 obj/default//C/ECE5760_Epiphyte/lab2_DDA/DE2-115-640x480/DE2-115_Media_Computer/app_software/JTAG_UART_C/JTAG_UART.o
 .data          0x00000000000027a0        0x0 BSP/\libhal_bsp.a(alt_load.o)
 .data          0x00000000000027a0        0x0 BSP/\libhal_bsp.a(alt_main.o)
 .data          0x00000000000027a0     0x13e4 BSP/\libhal_bsp.a(alt_sys_init.o)
 .data          0x0000000000003b84        0x0 BSP/\libhal_bsp.a(altera_avalon_jtag_uart_fd.o)
 .data          0x0000000000003b84        0x0 BSP/\libhal_bsp.a(altera_avalon_jtag_uart_init.o)
 .data          0x0000000000003b84        0x0 BSP/\libhal_bsp.a(altera_avalon_jtag_uart_ioctl.o)
 .data          0x0000000000003b84        0x0 BSP/\libhal_bsp.a(altera_avalon_jtag_uart_read.o)
 .data          0x0000000000003b84        0x0 BSP/\libhal_bsp.a(altera_avalon_jtag_uart_write.o)
 .data          0x0000000000003b84        0x0 BSP/\libhal_bsp.a(altera_avalon_timer_sc.o)
 .data          0x0000000000003b84        0x0 BSP/\libhal_bsp.a(altera_up_avalon_character_lcd.o)
 .data          0x0000000000003b84        0x0 BSP/\libhal_bsp.a(altera_up_avalon_irda.o)
 .data          0x0000000000003b84        0x0 BSP/\libhal_bsp.a(altera_up_avalon_ps2.o)
 .data          0x0000000000003b84        0x0 BSP/\libhal_bsp.a(altera_up_avalon_rs232.o)
 .data          0x0000000000003b84        0x0 BSP/\libhal_bsp.a(altera_up_avalon_video_character_buffer_with_dma.o)
 .data          0x0000000000003b84        0x0 BSP/\libhal_bsp.a(alt_alarm_start.o)
 .data          0x0000000000003b84        0x0 BSP/\libhal_bsp.a(alt_close.o)
 .data          0x0000000000003b84        0x0 BSP/\libhal_bsp.a(alt_dcache_flush_all.o)
 .data          0x0000000000003b84      0x1a8 BSP/\libhal_bsp.a(alt_dev.o)
                0x0000000000003b84                alt_fd_list
                0x0000000000003d04                alt_dev_null
 .data          0x0000000000003d2c        0x0 BSP/\libhal_bsp.a(alt_dev_llist_insert.o)
 .data          0x0000000000003d2c        0x0 BSP/\libhal_bsp.a(alt_errno.o)
 .data          0x0000000000003d2c        0x0 BSP/\libhal_bsp.a(alt_find_dev.o)
 .data          0x0000000000003d2c        0x0 BSP/\libhal_bsp.a(alt_icache_flush_all.o)
 .data          0x0000000000003d2c        0x0 BSP/\libhal_bsp.a(alt_io_redirect.o)
 .data          0x0000000000003d2c        0x0 BSP/\libhal_bsp.a(alt_irq_register.o)
 .data          0x0000000000003d2c        0x0 BSP/\libhal_bsp.a(alt_irq_vars.o)
 .data          0x0000000000003d2c        0x0 BSP/\libhal_bsp.a(alt_open.o)
 .data          0x0000000000003d2c        0x0 BSP/\libhal_bsp.a(alt_release_fd.o)
 .data          0x0000000000003d2c        0x0 BSP/\libhal_bsp.a(alt_tick.o)
 .data          0x0000000000003d2c        0x0 BSP/\libhal_bsp.a(altera_nios2_gen2_irq.o)
 .data          0x0000000000003d2c        0x0 BSP/\libhal_bsp.a(alt_find_file.o)
 .data          0x0000000000003d2c        0x0 BSP/\libhal_bsp.a(alt_get_fd.o)
 .data          0x0000000000003d2c        0x0 BSP/\libhal_bsp.a(alt_icache_flush.o)
 .data          0x0000000000003d2c        0x0 BSP/\libhal_bsp.a(alt_irq_entry.o)
 .data          0x0000000000003d2c        0x0 BSP/\libhal_bsp.a(alt_irq_handler.o)
 .data          0x0000000000003d2c        0x0 BSP/\libhal_bsp.a(alt_exception_entry.o)
 .data          0x0000000000003d2c        0x0 BSP/\libhal_bsp.a(alt_instruction_exception_entry.o)
 .data          0x0000000000003d2c        0x0 c:/altera/15.0/nios2eds/bin/gnu/h-x86_64-mingw32/bin/../lib/gcc/nios2-elf/4.9.1/../../../../../H-x86_64-mingw32/nios2-elf/lib/mhw-mulx\libc.a(lib_a-exit.o)
 .data          0x0000000000003d2c      0x424 c:/altera/15.0/nios2eds/bin/gnu/h-x86_64-mingw32/bin/../lib/gcc/nios2-elf/4.9.1/../../../../../H-x86_64-mingw32/nios2-elf/lib/mhw-mulx\libc.a(lib_a-impure.o)
 .data          0x0000000000004150        0x0 c:/altera/15.0/nios2eds/bin/gnu/h-x86_64-mingw32/bin/../lib/gcc/nios2-elf/4.9.1/../../../../../H-x86_64-mingw32/nios2-elf/lib/mhw-mulx\libc.a(lib_a-int_errno.o)
 .data          0x0000000000004150        0x0 c:/altera/15.0/nios2eds/bin/gnu/h-x86_64-mingw32/bin/../lib/gcc/nios2-elf/4.9.1/../../../../../H-x86_64-mingw32/nios2-elf/lib/mhw-mulx\libc.a(lib_a-memcmp.o)
 .data          0x0000000000004150        0x0 c:/altera/15.0/nios2eds/bin/gnu/h-x86_64-mingw32/bin/../lib/gcc/nios2-elf/4.9.1/../../../../../H-x86_64-mingw32/nios2-elf/lib/mhw-mulx\libc.a(lib_a-memcpy.o)
 .data          0x0000000000004150        0x0 c:/altera/15.0/nios2eds/bin/gnu/h-x86_64-mingw32/bin/../lib/gcc/nios2-elf/4.9.1/../../../../../H-x86_64-mingw32/nios2-elf/lib/mhw-mulx\libc.a(lib_a-strcmp.o)
 .data          0x0000000000004150        0x0 c:/altera/15.0/nios2eds/bin/gnu/h-x86_64-mingw32/bin/../lib/gcc/nios2-elf/4.9.1/../../../../../H-x86_64-mingw32/nios2-elf/lib/mhw-mulx\libc.a(lib_a-strlen.o)
 .data          0x0000000000004150        0x0 c:/altera/15.0/nios2eds/bin/gnu/h-x86_64-mingw32/bin/../lib/gcc/nios2-elf/4.9.1/../../../../../H-x86_64-mingw32/nios2-elf/lib/mhw-mulx\libc.a(lib_a-__call_atexit.o)
 .data          0x0000000000004150        0x0 BSP/\libhal_bsp.a(alt_exit.o)
                0x000000000000c150                _gp = ABSOLUTE ((. + 0x8000))
                0x000000000000c150                PROVIDE (gp, _gp)
 *(.rwdata .rwdata.*)
 *(.sdata .sdata.* .gnu.linkonce.s.*)
 .sdata         0x0000000000004150       0x14 BSP/\libhal_bsp.a(alt_dev.o)
                0x0000000000004150                alt_max_fd
                0x0000000000004154                alt_dev_list
                0x000000000000415c                alt_fs_list
 .sdata         0x0000000000004164        0x4 BSP/\libhal_bsp.a(alt_errno.o)
                0x0000000000004164                alt_errno
 .sdata         0x0000000000004168        0x4 BSP/\libhal_bsp.a(alt_irq_vars.o)
                0x0000000000004168                alt_priority_mask
 .sdata         0x000000000000416c        0x8 BSP/\libhal_bsp.a(alt_tick.o)
                0x000000000000416c                alt_alarm_list
 .sdata         0x0000000000004174        0x8 c:/altera/15.0/nios2eds/bin/gnu/h-x86_64-mingw32/bin/../lib/gcc/nios2-elf/4.9.1/../../../../../H-x86_64-mingw32/nios2-elf/lib/mhw-mulx\libc.a(lib_a-impure.o)
                0x0000000000004174                _global_impure_ptr
                0x0000000000004178                _impure_ptr
 *(.sdata2 .sdata2.* .gnu.linkonce.s2.*)
                0x000000000000417c                . = ALIGN (0x4)
                0x000000000000417c                _edata = ABSOLUTE (.)
                0x000000000000417c                PROVIDE (edata, ABSOLUTE (.))
                0x000000000000417c                PROVIDE (__ram_rwdata_end, ABSOLUTE (.))
                0x000000000000417c                PROVIDE (__flash_rwdata_start, LOADADDR (.rwdata))

.bss            0x0000000000005b58      0x120
                0x0000000000005b58                __bss_start = ABSOLUTE (.)
                0x0000000000005b58                PROVIDE (__sbss_start, ABSOLUTE (.))
                0x0000000000005b58                PROVIDE (___sbss_start, ABSOLUTE (.))
 *(.dynsbss)
 *(.sbss .sbss.* .gnu.linkonce.sb.*)
 .sbss          0x0000000000005b58        0xc BSP/\libhal_bsp.a(alt_main.o)
                0x0000000000005b58                alt_envp
                0x0000000000005b5c                alt_argv
                0x0000000000005b60                alt_argc
 .sbss          0x0000000000005b64        0x4 BSP/\libhal_bsp.a(alt_irq_vars.o)
                0x0000000000005b64                alt_irq_active
 .sbss          0x0000000000005b68        0x8 BSP/\libhal_bsp.a(alt_tick.o)
                0x0000000000005b68                _alt_nticks
                0x0000000000005b6c                _alt_tick_rate
 .sbss          0x0000000000005b70        0x4 BSP/\libhal_bsp.a(alt_instruction_exception_entry.o)
                0x0000000000005b70                alt_instruction_exception_handler
 .sbss          0x0000000000005b74        0x4 c:/altera/15.0/nios2eds/bin/gnu/h-x86_64-mingw32/bin/../lib/gcc/nios2-elf/4.9.1/../../../../../H-x86_64-mingw32/nios2-elf/lib/mhw-mulx\libc.a(lib_a-int_errno.o)
                0x0000000000005b74                errno
 *(.sbss2 .sbss2.* .gnu.linkonce.sb2.*)
 *(.scommon)
                0x0000000000005b78                PROVIDE (__sbss_end, ABSOLUTE (.))
                0x0000000000005b78                PROVIDE (___sbss_end, ABSOLUTE (.))
 *(.dynbss)
 *(.bss .bss.* .gnu.linkonce.b.*)
 .bss           0x0000000000005b78        0x0 BSP//obj/HAL/src/crt0.o
 .bss           0x0000000000005b78        0x0 obj/default//C/ECE5760_Epiphyte/lab2_DDA/DE2-115-640x480/DE2-115_Media_Computer/app_software/JTAG_UART_C/JTAG_UART.o
 .bss           0x0000000000005b78        0x0 BSP/\libhal_bsp.a(alt_load.o)
 .bss           0x0000000000005b78        0x0 BSP/\libhal_bsp.a(alt_main.o)
 .bss           0x0000000000005b78        0x0 BSP/\libhal_bsp.a(alt_sys_init.o)
 .bss           0x0000000000005b78        0x0 BSP/\libhal_bsp.a(altera_avalon_jtag_uart_fd.o)
 .bss           0x0000000000005b78        0x0 BSP/\libhal_bsp.a(altera_avalon_jtag_uart_init.o)
 .bss           0x0000000000005b78        0x0 BSP/\libhal_bsp.a(altera_avalon_jtag_uart_ioctl.o)
 .bss           0x0000000000005b78        0x0 BSP/\libhal_bsp.a(altera_avalon_jtag_uart_read.o)
 .bss           0x0000000000005b78        0x0 BSP/\libhal_bsp.a(altera_avalon_jtag_uart_write.o)
 .bss           0x0000000000005b78        0x0 BSP/\libhal_bsp.a(altera_avalon_timer_sc.o)
 .bss           0x0000000000005b78        0x0 BSP/\libhal_bsp.a(altera_up_avalon_character_lcd.o)
 .bss           0x0000000000005b78        0x0 BSP/\libhal_bsp.a(altera_up_avalon_irda.o)
 .bss           0x0000000000005b78        0x0 BSP/\libhal_bsp.a(altera_up_avalon_ps2.o)
 .bss           0x0000000000005b78        0x0 BSP/\libhal_bsp.a(altera_up_avalon_rs232.o)
 .bss           0x0000000000005b78        0x0 BSP/\libhal_bsp.a(altera_up_avalon_video_character_buffer_with_dma.o)
 .bss           0x0000000000005b78        0x0 BSP/\libhal_bsp.a(alt_alarm_start.o)
 .bss           0x0000000000005b78        0x0 BSP/\libhal_bsp.a(alt_close.o)
 .bss           0x0000000000005b78        0x0 BSP/\libhal_bsp.a(alt_dcache_flush_all.o)
 .bss           0x0000000000005b78        0x0 BSP/\libhal_bsp.a(alt_dev.o)
 .bss           0x0000000000005b78        0x0 BSP/\libhal_bsp.a(alt_dev_llist_insert.o)
 .bss           0x0000000000005b78        0x0 BSP/\libhal_bsp.a(alt_errno.o)
 .bss           0x0000000000005b78        0x0 BSP/\libhal_bsp.a(alt_find_dev.o)
 .bss           0x0000000000005b78        0x0 BSP/\libhal_bsp.a(alt_icache_flush_all.o)
 .bss           0x0000000000005b78        0x0 BSP/\libhal_bsp.a(alt_io_redirect.o)
 .bss           0x0000000000005b78        0x0 BSP/\libhal_bsp.a(alt_irq_register.o)
 .bss           0x0000000000005b78        0x0 BSP/\libhal_bsp.a(alt_irq_vars.o)
 .bss           0x0000000000005b78        0x0 BSP/\libhal_bsp.a(alt_open.o)
 .bss           0x0000000000005b78        0x0 BSP/\libhal_bsp.a(alt_release_fd.o)
 .bss           0x0000000000005b78        0x0 BSP/\libhal_bsp.a(alt_tick.o)
 .bss           0x0000000000005b78        0x0 BSP/\libhal_bsp.a(altera_nios2_gen2_irq.o)
 .bss           0x0000000000005b78        0x0 BSP/\libhal_bsp.a(alt_find_file.o)
 .bss           0x0000000000005b78        0x0 BSP/\libhal_bsp.a(alt_get_fd.o)
 .bss           0x0000000000005b78        0x0 BSP/\libhal_bsp.a(alt_icache_flush.o)
 .bss           0x0000000000005b78        0x0 BSP/\libhal_bsp.a(alt_irq_entry.o)
 .bss           0x0000000000005b78        0x0 BSP/\libhal_bsp.a(alt_irq_handler.o)
 .bss           0x0000000000005b78        0x0 BSP/\libhal_bsp.a(alt_exception_entry.o)
 .bss           0x0000000000005b78        0x0 BSP/\libhal_bsp.a(alt_instruction_exception_entry.o)
 .bss           0x0000000000005b78        0x0 c:/altera/15.0/nios2eds/bin/gnu/h-x86_64-mingw32/bin/../lib/gcc/nios2-elf/4.9.1/../../../../../H-x86_64-mingw32/nios2-elf/lib/mhw-mulx\libc.a(lib_a-exit.o)
 .bss           0x0000000000005b78        0x0 c:/altera/15.0/nios2eds/bin/gnu/h-x86_64-mingw32/bin/../lib/gcc/nios2-elf/4.9.1/../../../../../H-x86_64-mingw32/nios2-elf/lib/mhw-mulx\libc.a(lib_a-impure.o)
 .bss           0x0000000000005b78        0x0 c:/altera/15.0/nios2eds/bin/gnu/h-x86_64-mingw32/bin/../lib/gcc/nios2-elf/4.9.1/../../../../../H-x86_64-mingw32/nios2-elf/lib/mhw-mulx\libc.a(lib_a-int_errno.o)
 .bss           0x0000000000005b78        0x0 c:/altera/15.0/nios2eds/bin/gnu/h-x86_64-mingw32/bin/../lib/gcc/nios2-elf/4.9.1/../../../../../H-x86_64-mingw32/nios2-elf/lib/mhw-mulx\libc.a(lib_a-memcmp.o)
 .bss           0x0000000000005b78        0x0 c:/altera/15.0/nios2eds/bin/gnu/h-x86_64-mingw32/bin/../lib/gcc/nios2-elf/4.9.1/../../../../../H-x86_64-mingw32/nios2-elf/lib/mhw-mulx\libc.a(lib_a-memcpy.o)
 .bss           0x0000000000005b78        0x0 c:/altera/15.0/nios2eds/bin/gnu/h-x86_64-mingw32/bin/../lib/gcc/nios2-elf/4.9.1/../../../../../H-x86_64-mingw32/nios2-elf/lib/mhw-mulx\libc.a(lib_a-strcmp.o)
 .bss           0x0000000000005b78        0x0 c:/altera/15.0/nios2eds/bin/gnu/h-x86_64-mingw32/bin/../lib/gcc/nios2-elf/4.9.1/../../../../../H-x86_64-mingw32/nios2-elf/lib/mhw-mulx\libc.a(lib_a-strlen.o)
 .bss           0x0000000000005b78        0x0 c:/altera/15.0/nios2eds/bin/gnu/h-x86_64-mingw32/bin/../lib/gcc/nios2-elf/4.9.1/../../../../../H-x86_64-mingw32/nios2-elf/lib/mhw-mulx\libc.a(lib_a-__call_atexit.o)
 .bss           0x0000000000005b78        0x0 BSP/\libhal_bsp.a(alt_exit.o)
 *(COMMON)
 COMMON         0x0000000000005b78      0x100 BSP/\libhal_bsp.a(alt_irq_handler.o)
                0x0000000000005b78                alt_irq
                0x0000000000005c78                . = ALIGN (0x4)
                0x0000000000005c78                __bss_end = ABSOLUTE (.)

.SDRAM          0x0000000000005c78        0x0
                0x0000000000005c78                PROVIDE (_alt_partition_SDRAM_start, ABSOLUTE (.))
 *(.SDRAM .SDRAM. SDRAM.*)
                0x0000000000005c78                . = ALIGN (0x4)
                0x0000000000005c78                PROVIDE (_alt_partition_SDRAM_end, ABSOLUTE (.))
                0x0000000000005c78                _end = ABSOLUTE (.)
                0x0000000000005c78                end = ABSOLUTE (.)
                0x0000000000005c78                __alt_stack_base = ABSOLUTE (.)
                0x0000000000005c78                PROVIDE (_alt_partition_SDRAM_load_addr, LOADADDR (.SDRAM))

.Flash_flash_data
                0x000000000c000000        0x0 load address 0x0000000000005c78
                0x000000000c000000                PROVIDE (_alt_partition_Flash_flash_data_start, ABSOLUTE (.))
 *(.Flash_flash_data .Flash_flash_data. Flash_flash_data.*)
                0x000000000c000000                . = ALIGN (0x4)
                0x000000000c000000                PROVIDE (_alt_partition_Flash_flash_data_end, ABSOLUTE (.))
                0x0000000000005c78                PROVIDE (_alt_partition_Flash_flash_data_load_addr, LOADADDR (.Flash_flash_data))

.stab
 *(.stab)

.stabstr
 *(.stabstr)

.stab.excl
 *(.stab.excl)

.stab.exclstr
 *(.stab.exclstr)

.stab.index
 *(.stab.index)

.stab.indexstr
 *(.stab.indexstr)

.comment        0x0000000000000000       0x23
 *(.comment)
 .comment       0x0000000000000000       0x23 obj/default//C/ECE5760_Epiphyte/lab2_DDA/DE2-115-640x480/DE2-115_Media_Computer/app_software/JTAG_UART_C/JTAG_UART.o
                                         0x24 (size before relaxing)
 .comment       0x0000000000000000       0x24 BSP/\libhal_bsp.a(alt_load.o)
 .comment       0x0000000000000000       0x24 BSP/\libhal_bsp.a(alt_main.o)
 .comment       0x0000000000000000       0x24 BSP/\libhal_bsp.a(alt_sys_init.o)
 .comment       0x0000000000000000       0x24 BSP/\libhal_bsp.a(altera_avalon_jtag_uart_fd.o)
 .comment       0x0000000000000000       0x24 BSP/\libhal_bsp.a(altera_avalon_jtag_uart_init.o)
 .comment       0x0000000000000000       0x24 BSP/\libhal_bsp.a(altera_avalon_jtag_uart_ioctl.o)
 .comment       0x0000000000000000       0x24 BSP/\libhal_bsp.a(altera_avalon_jtag_uart_read.o)
 .comment       0x0000000000000000       0x24 BSP/\libhal_bsp.a(altera_avalon_jtag_uart_write.o)
 .comment       0x0000000000000000       0x24 BSP/\libhal_bsp.a(altera_avalon_timer_sc.o)
 .comment       0x0000000000000000       0x24 BSP/\libhal_bsp.a(altera_up_avalon_character_lcd.o)
 .comment       0x0000000000000000       0x24 BSP/\libhal_bsp.a(altera_up_avalon_irda.o)
 .comment       0x0000000000000000       0x24 BSP/\libhal_bsp.a(altera_up_avalon_ps2.o)
 .comment       0x0000000000000000       0x24 BSP/\libhal_bsp.a(altera_up_avalon_rs232.o)
 .comment       0x0000000000000000       0x24 BSP/\libhal_bsp.a(altera_up_avalon_video_character_buffer_with_dma.o)
 .comment       0x0000000000000000       0x24 BSP/\libhal_bsp.a(alt_alarm_start.o)
 .comment       0x0000000000000000       0x24 BSP/\libhal_bsp.a(alt_close.o)
 .comment       0x0000000000000000       0x24 BSP/\libhal_bsp.a(alt_dcache_flush_all.o)
 .comment       0x0000000000000000       0x24 BSP/\libhal_bsp.a(alt_dev.o)
 .comment       0x0000000000000000       0x24 BSP/\libhal_bsp.a(alt_dev_llist_insert.o)
 .comment       0x0000000000000000       0x24 BSP/\libhal_bsp.a(alt_errno.o)
 .comment       0x0000000000000000       0x24 BSP/\libhal_bsp.a(alt_find_dev.o)
 .comment       0x0000000000000000       0x24 BSP/\libhal_bsp.a(alt_icache_flush_all.o)
 .comment       0x0000000000000000       0x24 BSP/\libhal_bsp.a(alt_io_redirect.o)
 .comment       0x0000000000000000       0x24 BSP/\libhal_bsp.a(alt_irq_register.o)
 .comment       0x0000000000000000       0x24 BSP/\libhal_bsp.a(alt_irq_vars.o)
 .comment       0x0000000000000000       0x24 BSP/\libhal_bsp.a(alt_open.o)
 .comment       0x0000000000000000       0x24 BSP/\libhal_bsp.a(alt_release_fd.o)
 .comment       0x0000000000000000       0x24 BSP/\libhal_bsp.a(alt_tick.o)
 .comment       0x0000000000000000       0x24 BSP/\libhal_bsp.a(altera_nios2_gen2_irq.o)
 .comment       0x0000000000000000       0x24 BSP/\libhal_bsp.a(alt_find_file.o)
 .comment       0x0000000000000000       0x24 BSP/\libhal_bsp.a(alt_get_fd.o)
 .comment       0x0000000000000000       0x24 BSP/\libhal_bsp.a(alt_icache_flush.o)
 .comment       0x0000000000000000       0x24 BSP/\libhal_bsp.a(alt_irq_handler.o)
 .comment       0x0000000000000000       0x24 BSP/\libhal_bsp.a(alt_instruction_exception_entry.o)
 .comment       0x0000000000000000       0x24 c:/altera/15.0/nios2eds/bin/gnu/h-x86_64-mingw32/bin/../lib/gcc/nios2-elf/4.9.1/../../../../../H-x86_64-mingw32/nios2-elf/lib/mhw-mulx\libc.a(lib_a-exit.o)
 .comment       0x0000000000000000       0x24 c:/altera/15.0/nios2eds/bin/gnu/h-x86_64-mingw32/bin/../lib/gcc/nios2-elf/4.9.1/../../../../../H-x86_64-mingw32/nios2-elf/lib/mhw-mulx\libc.a(lib_a-impure.o)
 .comment       0x0000000000000000       0x24 c:/altera/15.0/nios2eds/bin/gnu/h-x86_64-mingw32/bin/../lib/gcc/nios2-elf/4.9.1/../../../../../H-x86_64-mingw32/nios2-elf/lib/mhw-mulx\libc.a(lib_a-int_errno.o)
 .comment       0x0000000000000000       0x24 c:/altera/15.0/nios2eds/bin/gnu/h-x86_64-mingw32/bin/../lib/gcc/nios2-elf/4.9.1/../../../../../H-x86_64-mingw32/nios2-elf/lib/mhw-mulx\libc.a(lib_a-memcmp.o)
 .comment       0x0000000000000000       0x24 c:/altera/15.0/nios2eds/bin/gnu/h-x86_64-mingw32/bin/../lib/gcc/nios2-elf/4.9.1/../../../../../H-x86_64-mingw32/nios2-elf/lib/mhw-mulx\libc.a(lib_a-memcpy.o)
 .comment       0x0000000000000000       0x24 c:/altera/15.0/nios2eds/bin/gnu/h-x86_64-mingw32/bin/../lib/gcc/nios2-elf/4.9.1/../../../../../H-x86_64-mingw32/nios2-elf/lib/mhw-mulx\libc.a(lib_a-strcmp.o)
 .comment       0x0000000000000000       0x24 c:/altera/15.0/nios2eds/bin/gnu/h-x86_64-mingw32/bin/../lib/gcc/nios2-elf/4.9.1/../../../../../H-x86_64-mingw32/nios2-elf/lib/mhw-mulx\libc.a(lib_a-strlen.o)
 .comment       0x0000000000000000       0x24 c:/altera/15.0/nios2eds/bin/gnu/h-x86_64-mingw32/bin/../lib/gcc/nios2-elf/4.9.1/../../../../../H-x86_64-mingw32/nios2-elf/lib/mhw-mulx\libc.a(lib_a-__call_atexit.o)
 .comment       0x0000000000000000       0x24 BSP/\libhal_bsp.a(alt_exit.o)

.debug
 *(.debug)

.line
 *(.line)

.debug_srcinfo
 *(.debug_srcinfo)

.debug_sfnames
 *(.debug_sfnames)

.debug_aranges  0x0000000000000000      0x5f8
 *(.debug_aranges)
 .debug_aranges
                0x0000000000000000       0x28 BSP//obj/HAL/src/crt0.o
 .debug_aranges
                0x0000000000000028       0x20 obj/default//C/ECE5760_Epiphyte/lab2_DDA/DE2-115-640x480/DE2-115_Media_Computer/app_software/JTAG_UART_C/JTAG_UART.o
 .debug_aranges
                0x0000000000000048       0x20 BSP/\libhal_bsp.a(alt_load.o)
 .debug_aranges
                0x0000000000000068       0x20 BSP/\libhal_bsp.a(alt_main.o)
 .debug_aranges
                0x0000000000000088       0x20 BSP/\libhal_bsp.a(alt_sys_init.o)
 .debug_aranges
                0x00000000000000a8       0x20 BSP/\libhal_bsp.a(altera_avalon_jtag_uart_fd.o)
 .debug_aranges
                0x00000000000000c8       0x20 BSP/\libhal_bsp.a(altera_avalon_jtag_uart_init.o)
 .debug_aranges
                0x00000000000000e8       0x20 BSP/\libhal_bsp.a(altera_avalon_jtag_uart_ioctl.o)
 .debug_aranges
                0x0000000000000108       0x20 BSP/\libhal_bsp.a(altera_avalon_jtag_uart_read.o)
 .debug_aranges
                0x0000000000000128       0x20 BSP/\libhal_bsp.a(altera_avalon_jtag_uart_write.o)
 .debug_aranges
                0x0000000000000148       0x20 BSP/\libhal_bsp.a(altera_avalon_timer_sc.o)
 .debug_aranges
                0x0000000000000168       0x20 BSP/\libhal_bsp.a(altera_up_avalon_character_lcd.o)
 .debug_aranges
                0x0000000000000188       0x20 BSP/\libhal_bsp.a(altera_up_avalon_irda.o)
 .debug_aranges
                0x00000000000001a8       0x20 BSP/\libhal_bsp.a(altera_up_avalon_ps2.o)
 .debug_aranges
                0x00000000000001c8       0x20 BSP/\libhal_bsp.a(altera_up_avalon_rs232.o)
 .debug_aranges
                0x00000000000001e8       0x20 BSP/\libhal_bsp.a(altera_up_avalon_video_character_buffer_with_dma.o)
 .debug_aranges
                0x0000000000000208       0x20 BSP/\libhal_bsp.a(alt_alarm_start.o)
 .debug_aranges
                0x0000000000000228       0x20 BSP/\libhal_bsp.a(alt_close.o)
 .debug_aranges
                0x0000000000000248       0x20 BSP/\libhal_bsp.a(alt_dcache_flush_all.o)
 .debug_aranges
                0x0000000000000268       0x20 BSP/\libhal_bsp.a(alt_dev.o)
 .debug_aranges
                0x0000000000000288       0x20 BSP/\libhal_bsp.a(alt_dev_llist_insert.o)
 .debug_aranges
                0x00000000000002a8       0x18 BSP/\libhal_bsp.a(alt_errno.o)
 .debug_aranges
                0x00000000000002c0       0x20 BSP/\libhal_bsp.a(alt_find_dev.o)
 .debug_aranges
                0x00000000000002e0       0x20 BSP/\libhal_bsp.a(alt_icache_flush_all.o)
 .debug_aranges
                0x0000000000000300       0x20 BSP/\libhal_bsp.a(alt_io_redirect.o)
 .debug_aranges
                0x0000000000000320       0x20 BSP/\libhal_bsp.a(alt_irq_register.o)
 .debug_aranges
                0x0000000000000340       0x18 BSP/\libhal_bsp.a(alt_irq_vars.o)
 .debug_aranges
                0x0000000000000358       0x20 BSP/\libhal_bsp.a(alt_open.o)
 .debug_aranges
                0x0000000000000378       0x20 BSP/\libhal_bsp.a(alt_release_fd.o)
 .debug_aranges
                0x0000000000000398       0x20 BSP/\libhal_bsp.a(alt_tick.o)
 .debug_aranges
                0x00000000000003b8       0x20 BSP/\libhal_bsp.a(altera_nios2_gen2_irq.o)
 .debug_aranges
                0x00000000000003d8       0x20 BSP/\libhal_bsp.a(alt_find_file.o)
 .debug_aranges
                0x00000000000003f8       0x20 BSP/\libhal_bsp.a(alt_get_fd.o)
 .debug_aranges
                0x0000000000000418       0x20 BSP/\libhal_bsp.a(alt_icache_flush.o)
 .debug_aranges
                0x0000000000000438       0x30 BSP/\libhal_bsp.a(alt_irq_entry.o)
 .debug_aranges
                0x0000000000000468       0x20 BSP/\libhal_bsp.a(alt_irq_handler.o)
 .debug_aranges
                0x0000000000000488       0x38 BSP/\libhal_bsp.a(alt_exception_entry.o)
 .debug_aranges
                0x00000000000004c0       0x28 BSP/\libhal_bsp.a(alt_instruction_exception_entry.o)
 .debug_aranges
                0x00000000000004e8       0x20 c:/altera/15.0/nios2eds/bin/gnu/h-x86_64-mingw32/bin/../lib/gcc/nios2-elf/4.9.1/../../../../../H-x86_64-mingw32/nios2-elf/lib/mhw-mulx\libc.a(lib_a-exit.o)
 .debug_aranges
                0x0000000000000508       0x18 c:/altera/15.0/nios2eds/bin/gnu/h-x86_64-mingw32/bin/../lib/gcc/nios2-elf/4.9.1/../../../../../H-x86_64-mingw32/nios2-elf/lib/mhw-mulx\libc.a(lib_a-impure.o)
 .debug_aranges
                0x0000000000000520       0x18 c:/altera/15.0/nios2eds/bin/gnu/h-x86_64-mingw32/bin/../lib/gcc/nios2-elf/4.9.1/../../../../../H-x86_64-mingw32/nios2-elf/lib/mhw-mulx\libc.a(lib_a-int_errno.o)
 .debug_aranges
                0x0000000000000538       0x20 c:/altera/15.0/nios2eds/bin/gnu/h-x86_64-mingw32/bin/../lib/gcc/nios2-elf/4.9.1/../../../../../H-x86_64-mingw32/nios2-elf/lib/mhw-mulx\libc.a(lib_a-memcmp.o)
 .debug_aranges
                0x0000000000000558       0x20 c:/altera/15.0/nios2eds/bin/gnu/h-x86_64-mingw32/bin/../lib/gcc/nios2-elf/4.9.1/../../../../../H-x86_64-mingw32/nios2-elf/lib/mhw-mulx\libc.a(lib_a-memcpy.o)
 .debug_aranges
                0x0000000000000578       0x20 c:/altera/15.0/nios2eds/bin/gnu/h-x86_64-mingw32/bin/../lib/gcc/nios2-elf/4.9.1/../../../../../H-x86_64-mingw32/nios2-elf/lib/mhw-mulx\libc.a(lib_a-strcmp.o)
 .debug_aranges
                0x0000000000000598       0x20 c:/altera/15.0/nios2eds/bin/gnu/h-x86_64-mingw32/bin/../lib/gcc/nios2-elf/4.9.1/../../../../../H-x86_64-mingw32/nios2-elf/lib/mhw-mulx\libc.a(lib_a-strlen.o)
 .debug_aranges
                0x00000000000005b8       0x20 c:/altera/15.0/nios2eds/bin/gnu/h-x86_64-mingw32/bin/../lib/gcc/nios2-elf/4.9.1/../../../../../H-x86_64-mingw32/nios2-elf/lib/mhw-mulx\libc.a(lib_a-__call_atexit.o)
 .debug_aranges
                0x00000000000005d8       0x20 BSP/\libhal_bsp.a(alt_exit.o)

.debug_pubnames
 *(.debug_pubnames)

.debug_info     0x0000000000000000     0xa0a4
 *(.debug_info .gnu.linkonce.wi.*)
 .debug_info    0x0000000000000000       0x65 BSP//obj/HAL/src/crt0.o
 .debug_info    0x0000000000000065      0x108 obj/default//C/ECE5760_Epiphyte/lab2_DDA/DE2-115-640x480/DE2-115_Media_Computer/app_software/JTAG_UART_C/JTAG_UART.o
 .debug_info    0x000000000000016d      0x1d2 BSP/\libhal_bsp.a(alt_load.o)
 .debug_info    0x000000000000033f      0x248 BSP/\libhal_bsp.a(alt_main.o)
 .debug_info    0x0000000000000587     0x1061 BSP/\libhal_bsp.a(alt_sys_init.o)
 .debug_info    0x00000000000015e8      0x609 BSP/\libhal_bsp.a(altera_avalon_jtag_uart_fd.o)
 .debug_info    0x0000000000001bf1      0x44f BSP/\libhal_bsp.a(altera_avalon_jtag_uart_init.o)
 .debug_info    0x0000000000002040      0x27a BSP/\libhal_bsp.a(altera_avalon_jtag_uart_ioctl.o)
 .debug_info    0x00000000000022ba      0x3a2 BSP/\libhal_bsp.a(altera_avalon_jtag_uart_read.o)
 .debug_info    0x000000000000265c      0x39c BSP/\libhal_bsp.a(altera_avalon_jtag_uart_write.o)
 .debug_info    0x00000000000029f8      0x2b8 BSP/\libhal_bsp.a(altera_avalon_timer_sc.o)
 .debug_info    0x0000000000002cb0      0x797 BSP/\libhal_bsp.a(altera_up_avalon_character_lcd.o)
 .debug_info    0x0000000000003447      0x5fc BSP/\libhal_bsp.a(altera_up_avalon_irda.o)
 .debug_info    0x0000000000003a43      0xa0f BSP/\libhal_bsp.a(altera_up_avalon_ps2.o)
 .debug_info    0x0000000000004452      0x5fc BSP/\libhal_bsp.a(altera_up_avalon_rs232.o)
 .debug_info    0x0000000000004a4e      0x4bd BSP/\libhal_bsp.a(altera_up_avalon_video_character_buffer_with_dma.o)
 .debug_info    0x0000000000004f0b      0x2db BSP/\libhal_bsp.a(alt_alarm_start.o)
 .debug_info    0x00000000000051e6      0x375 BSP/\libhal_bsp.a(alt_close.o)
 .debug_info    0x000000000000555b       0x8b BSP/\libhal_bsp.a(alt_dcache_flush_all.o)
 .debug_info    0x00000000000055e6      0x492 BSP/\libhal_bsp.a(alt_dev.o)
 .debug_info    0x0000000000005a78      0x1ac BSP/\libhal_bsp.a(alt_dev_llist_insert.o)
 .debug_info    0x0000000000005c24       0x9f BSP/\libhal_bsp.a(alt_errno.o)
 .debug_info    0x0000000000005cc3      0x356 BSP/\libhal_bsp.a(alt_find_dev.o)
 .debug_info    0x0000000000006019       0xc5 BSP/\libhal_bsp.a(alt_icache_flush_all.o)
 .debug_info    0x00000000000060de      0x568 BSP/\libhal_bsp.a(alt_io_redirect.o)
 .debug_info    0x0000000000006646      0x32b BSP/\libhal_bsp.a(alt_irq_register.o)
 .debug_info    0x0000000000006971       0x88 BSP/\libhal_bsp.a(alt_irq_vars.o)
 .debug_info    0x00000000000069f9      0x4ac BSP/\libhal_bsp.a(alt_open.o)
 .debug_info    0x0000000000006ea5      0x2b1 BSP/\libhal_bsp.a(alt_release_fd.o)
 .debug_info    0x0000000000007156      0x2b6 BSP/\libhal_bsp.a(alt_tick.o)
 .debug_info    0x000000000000740c       0xb1 BSP/\libhal_bsp.a(altera_nios2_gen2_irq.o)
 .debug_info    0x00000000000074bd      0x352 BSP/\libhal_bsp.a(alt_find_file.o)
 .debug_info    0x000000000000780f      0x30a BSP/\libhal_bsp.a(alt_get_fd.o)
 .debug_info    0x0000000000007b19       0xd7 BSP/\libhal_bsp.a(alt_icache_flush.o)
 .debug_info    0x0000000000007bf0       0x6e BSP/\libhal_bsp.a(alt_irq_entry.o)
 .debug_info    0x0000000000007c5e      0x1a5 BSP/\libhal_bsp.a(alt_irq_handler.o)
 .debug_info    0x0000000000007e03       0x74 BSP/\libhal_bsp.a(alt_exception_entry.o)
 .debug_info    0x0000000000007e77      0x1e9 BSP/\libhal_bsp.a(alt_instruction_exception_entry.o)
 .debug_info    0x0000000000008060      0x8df c:/altera/15.0/nios2eds/bin/gnu/h-x86_64-mingw32/bin/../lib/gcc/nios2-elf/4.9.1/../../../../../H-x86_64-mingw32/nios2-elf/lib/mhw-mulx\libc.a(lib_a-exit.o)
 .debug_info    0x000000000000893f      0x88f c:/altera/15.0/nios2eds/bin/gnu/h-x86_64-mingw32/bin/../lib/gcc/nios2-elf/4.9.1/../../../../../H-x86_64-mingw32/nios2-elf/lib/mhw-mulx\libc.a(lib_a-impure.o)
 .debug_info    0x00000000000091ce       0x83 c:/altera/15.0/nios2eds/bin/gnu/h-x86_64-mingw32/bin/../lib/gcc/nios2-elf/4.9.1/../../../../../H-x86_64-mingw32/nios2-elf/lib/mhw-mulx\libc.a(lib_a-int_errno.o)
 .debug_info    0x0000000000009251      0x113 c:/altera/15.0/nios2eds/bin/gnu/h-x86_64-mingw32/bin/../lib/gcc/nios2-elf/4.9.1/../../../../../H-x86_64-mingw32/nios2-elf/lib/mhw-mulx\libc.a(lib_a-memcmp.o)
 .debug_info    0x0000000000009364      0x133 c:/altera/15.0/nios2eds/bin/gnu/h-x86_64-mingw32/bin/../lib/gcc/nios2-elf/4.9.1/../../../../../H-x86_64-mingw32/nios2-elf/lib/mhw-mulx\libc.a(lib_a-memcpy.o)
 .debug_info    0x0000000000009497       0xdd c:/altera/15.0/nios2eds/bin/gnu/h-x86_64-mingw32/bin/../lib/gcc/nios2-elf/4.9.1/../../../../../H-x86_64-mingw32/nios2-elf/lib/mhw-mulx\libc.a(lib_a-strcmp.o)
 .debug_info    0x0000000000009574       0xdb c:/altera/15.0/nios2eds/bin/gnu/h-x86_64-mingw32/bin/../lib/gcc/nios2-elf/4.9.1/../../../../../H-x86_64-mingw32/nios2-elf/lib/mhw-mulx\libc.a(lib_a-strlen.o)
 .debug_info    0x000000000000964f      0x948 c:/altera/15.0/nios2eds/bin/gnu/h-x86_64-mingw32/bin/../lib/gcc/nios2-elf/4.9.1/../../../../../H-x86_64-mingw32/nios2-elf/lib/mhw-mulx\libc.a(lib_a-__call_atexit.o)
 .debug_info    0x0000000000009f97      0x10d BSP/\libhal_bsp.a(alt_exit.o)

.debug_abbrev   0x0000000000000000     0x3593
 *(.debug_abbrev)
 .debug_abbrev  0x0000000000000000       0x12 BSP//obj/HAL/src/crt0.o
 .debug_abbrev  0x0000000000000012       0xfe obj/default//C/ECE5760_Epiphyte/lab2_DDA/DE2-115-640x480/DE2-115_Media_Computer/app_software/JTAG_UART_C/JTAG_UART.o
 .debug_abbrev  0x0000000000000110       0xd3 BSP/\libhal_bsp.a(alt_load.o)
 .debug_abbrev  0x00000000000001e3      0x14d BSP/\libhal_bsp.a(alt_main.o)
 .debug_abbrev  0x0000000000000330      0x248 BSP/\libhal_bsp.a(alt_sys_init.o)
 .debug_abbrev  0x0000000000000578      0x171 BSP/\libhal_bsp.a(altera_avalon_jtag_uart_fd.o)
 .debug_abbrev  0x00000000000006e9      0x1fc BSP/\libhal_bsp.a(altera_avalon_jtag_uart_init.o)
 .debug_abbrev  0x00000000000008e5      0x120 BSP/\libhal_bsp.a(altera_avalon_jtag_uart_ioctl.o)
 .debug_abbrev  0x0000000000000a05      0x1d9 BSP/\libhal_bsp.a(altera_avalon_jtag_uart_read.o)
 .debug_abbrev  0x0000000000000bde      0x1c6 BSP/\libhal_bsp.a(altera_avalon_jtag_uart_write.o)
 .debug_abbrev  0x0000000000000da4      0x19c BSP/\libhal_bsp.a(altera_avalon_timer_sc.o)
 .debug_abbrev  0x0000000000000f40      0x225 BSP/\libhal_bsp.a(altera_up_avalon_character_lcd.o)
 .debug_abbrev  0x0000000000001165      0x1b6 BSP/\libhal_bsp.a(altera_up_avalon_irda.o)
 .debug_abbrev  0x000000000000131b      0x286 BSP/\libhal_bsp.a(altera_up_avalon_ps2.o)
 .debug_abbrev  0x00000000000015a1      0x1b6 BSP/\libhal_bsp.a(altera_up_avalon_rs232.o)
 .debug_abbrev  0x0000000000001757      0x176 BSP/\libhal_bsp.a(altera_up_avalon_video_character_buffer_with_dma.o)
 .debug_abbrev  0x00000000000018cd      0x187 BSP/\libhal_bsp.a(alt_alarm_start.o)
 .debug_abbrev  0x0000000000001a54      0x167 BSP/\libhal_bsp.a(alt_close.o)
 .debug_abbrev  0x0000000000001bbb       0x42 BSP/\libhal_bsp.a(alt_dcache_flush_all.o)
 .debug_abbrev  0x0000000000001bfd       0xd9 BSP/\libhal_bsp.a(alt_dev.o)
 .debug_abbrev  0x0000000000001cd6      0x11c BSP/\libhal_bsp.a(alt_dev_llist_insert.o)
 .debug_abbrev  0x0000000000001df2       0x5a BSP/\libhal_bsp.a(alt_errno.o)
 .debug_abbrev  0x0000000000001e4c      0x12e BSP/\libhal_bsp.a(alt_find_dev.o)
 .debug_abbrev  0x0000000000001f7a       0x87 BSP/\libhal_bsp.a(alt_icache_flush_all.o)
 .debug_abbrev  0x0000000000002001      0x16e BSP/\libhal_bsp.a(alt_io_redirect.o)
 .debug_abbrev  0x000000000000216f      0x18f BSP/\libhal_bsp.a(alt_irq_register.o)
 .debug_abbrev  0x00000000000022fe       0x40 BSP/\libhal_bsp.a(alt_irq_vars.o)
 .debug_abbrev  0x000000000000233e      0x1e8 BSP/\libhal_bsp.a(alt_open.o)
 .debug_abbrev  0x0000000000002526       0xde BSP/\libhal_bsp.a(alt_release_fd.o)
 .debug_abbrev  0x0000000000002604      0x191 BSP/\libhal_bsp.a(alt_tick.o)
 .debug_abbrev  0x0000000000002795       0x67 BSP/\libhal_bsp.a(altera_nios2_gen2_irq.o)
 .debug_abbrev  0x00000000000027fc      0x12e BSP/\libhal_bsp.a(alt_find_file.o)
 .debug_abbrev  0x000000000000292a      0x10d BSP/\libhal_bsp.a(alt_get_fd.o)
 .debug_abbrev  0x0000000000002a37       0x9b BSP/\libhal_bsp.a(alt_icache_flush.o)
 .debug_abbrev  0x0000000000002ad2       0x12 BSP/\libhal_bsp.a(alt_irq_entry.o)
 .debug_abbrev  0x0000000000002ae4      0x13a BSP/\libhal_bsp.a(alt_irq_handler.o)
 .debug_abbrev  0x0000000000002c1e       0x12 BSP/\libhal_bsp.a(alt_exception_entry.o)
 .debug_abbrev  0x0000000000002c30       0xca BSP/\libhal_bsp.a(alt_instruction_exception_entry.o)
 .debug_abbrev  0x0000000000002cfa      0x1e6 c:/altera/15.0/nios2eds/bin/gnu/h-x86_64-mingw32/bin/../lib/gcc/nios2-elf/4.9.1/../../../../../H-x86_64-mingw32/nios2-elf/lib/mhw-mulx\libc.a(lib_a-exit.o)
 .debug_abbrev  0x0000000000002ee0      0x180 c:/altera/15.0/nios2eds/bin/gnu/h-x86_64-mingw32/bin/../lib/gcc/nios2-elf/4.9.1/../../../../../H-x86_64-mingw32/nios2-elf/lib/mhw-mulx\libc.a(lib_a-impure.o)
 .debug_abbrev  0x0000000000003060       0x37 c:/altera/15.0/nios2eds/bin/gnu/h-x86_64-mingw32/bin/../lib/gcc/nios2-elf/4.9.1/../../../../../H-x86_64-mingw32/nios2-elf/lib/mhw-mulx\libc.a(lib_a-int_errno.o)
 .debug_abbrev  0x0000000000003097       0x7f c:/altera/15.0/nios2eds/bin/gnu/h-x86_64-mingw32/bin/../lib/gcc/nios2-elf/4.9.1/../../../../../H-x86_64-mingw32/nios2-elf/lib/mhw-mulx\libc.a(lib_a-memcmp.o)
 .debug_abbrev  0x0000000000003116       0x9c c:/altera/15.0/nios2eds/bin/gnu/h-x86_64-mingw32/bin/../lib/gcc/nios2-elf/4.9.1/../../../../../H-x86_64-mingw32/nios2-elf/lib/mhw-mulx\libc.a(lib_a-memcpy.o)
 .debug_abbrev  0x00000000000031b2       0x74 c:/altera/15.0/nios2eds/bin/gnu/h-x86_64-mingw32/bin/../lib/gcc/nios2-elf/4.9.1/../../../../../H-x86_64-mingw32/nios2-elf/lib/mhw-mulx\libc.a(lib_a-strcmp.o)
 .debug_abbrev  0x0000000000003226       0x90 c:/altera/15.0/nios2eds/bin/gnu/h-x86_64-mingw32/bin/../lib/gcc/nios2-elf/4.9.1/../../../../../H-x86_64-mingw32/nios2-elf/lib/mhw-mulx\libc.a(lib_a-strlen.o)
 .debug_abbrev  0x00000000000032b6      0x210 c:/altera/15.0/nios2eds/bin/gnu/h-x86_64-mingw32/bin/../lib/gcc/nios2-elf/4.9.1/../../../../../H-x86_64-mingw32/nios2-elf/lib/mhw-mulx\libc.a(lib_a-__call_atexit.o)
 .debug_abbrev  0x00000000000034c6       0xcd BSP/\libhal_bsp.a(alt_exit.o)

.debug_line     0x0000000000000000     0x3386
 *(.debug_line)
 .debug_line    0x0000000000000000       0x6c BSP//obj/HAL/src/crt0.o
 .debug_line    0x000000000000006c       0xb6 obj/default//C/ECE5760_Epiphyte/lab2_DDA/DE2-115-640x480/DE2-115_Media_Computer/app_software/JTAG_UART_C/JTAG_UART.o
 .debug_line    0x0000000000000122       0xa6 BSP/\libhal_bsp.a(alt_load.o)
 .debug_line    0x00000000000001c8      0x18b BSP/\libhal_bsp.a(alt_main.o)
 .debug_line    0x0000000000000353      0x387 BSP/\libhal_bsp.a(alt_sys_init.o)
 .debug_line    0x00000000000006da      0x11e BSP/\libhal_bsp.a(altera_avalon_jtag_uart_fd.o)
 .debug_line    0x00000000000007f8      0x18d BSP/\libhal_bsp.a(altera_avalon_jtag_uart_init.o)
 .debug_line    0x0000000000000985      0x111 BSP/\libhal_bsp.a(altera_avalon_jtag_uart_ioctl.o)
 .debug_line    0x0000000000000a96      0x17f BSP/\libhal_bsp.a(altera_avalon_jtag_uart_read.o)
 .debug_line    0x0000000000000c15      0x19e BSP/\libhal_bsp.a(altera_avalon_jtag_uart_write.o)
 .debug_line    0x0000000000000db3      0x10c BSP/\libhal_bsp.a(altera_avalon_timer_sc.o)
 .debug_line    0x0000000000000ebf      0x18f BSP/\libhal_bsp.a(altera_up_avalon_character_lcd.o)
 .debug_line    0x000000000000104e      0x113 BSP/\libhal_bsp.a(altera_up_avalon_irda.o)
 .debug_line    0x0000000000001161      0x18b BSP/\libhal_bsp.a(altera_up_avalon_ps2.o)
 .debug_line    0x00000000000012ec      0x117 BSP/\libhal_bsp.a(altera_up_avalon_rs232.o)
 .debug_line    0x0000000000001403      0x1a2 BSP/\libhal_bsp.a(altera_up_avalon_video_character_buffer_with_dma.o)
 .debug_line    0x00000000000015a5      0x103 BSP/\libhal_bsp.a(alt_alarm_start.o)
 .debug_line    0x00000000000016a8      0x145 BSP/\libhal_bsp.a(alt_close.o)
 .debug_line    0x00000000000017ed       0x4e BSP/\libhal_bsp.a(alt_dcache_flush_all.o)
 .debug_line    0x000000000000183b       0xee BSP/\libhal_bsp.a(alt_dev.o)
 .debug_line    0x0000000000001929       0xce BSP/\libhal_bsp.a(alt_dev_llist_insert.o)
 .debug_line    0x00000000000019f7       0x51 BSP/\libhal_bsp.a(alt_errno.o)
 .debug_line    0x0000000000001a48      0x161 BSP/\libhal_bsp.a(alt_find_dev.o)
 .debug_line    0x0000000000001ba9       0x86 BSP/\libhal_bsp.a(alt_icache_flush_all.o)
 .debug_line    0x0000000000001c2f      0x13a BSP/\libhal_bsp.a(alt_io_redirect.o)
 .debug_line    0x0000000000001d69       0xfd BSP/\libhal_bsp.a(alt_irq_register.o)
 .debug_line    0x0000000000001e66       0x50 BSP/\libhal_bsp.a(alt_irq_vars.o)
 .debug_line    0x0000000000001eb6      0x108 BSP/\libhal_bsp.a(alt_open.o)
 .debug_line    0x0000000000001fbe       0xac BSP/\libhal_bsp.a(alt_release_fd.o)
 .debug_line    0x000000000000206a      0x108 BSP/\libhal_bsp.a(alt_tick.o)
 .debug_line    0x0000000000002172       0x8c BSP/\libhal_bsp.a(altera_nios2_gen2_irq.o)
 .debug_line    0x00000000000021fe      0x179 BSP/\libhal_bsp.a(alt_find_file.o)
 .debug_line    0x0000000000002377       0xcf BSP/\libhal_bsp.a(alt_get_fd.o)
 .debug_line    0x0000000000002446       0x7b BSP/\libhal_bsp.a(alt_icache_flush.o)
 .debug_line    0x00000000000024c1       0x6b BSP/\libhal_bsp.a(alt_irq_entry.o)
 .debug_line    0x000000000000252c       0xd0 BSP/\libhal_bsp.a(alt_irq_handler.o)
 .debug_line    0x00000000000025fc       0xb3 BSP/\libhal_bsp.a(alt_exception_entry.o)
 .debug_line    0x00000000000026af       0xc2 BSP/\libhal_bsp.a(alt_instruction_exception_entry.o)
 .debug_line    0x0000000000002771      0x1fd c:/altera/15.0/nios2eds/bin/gnu/h-x86_64-mingw32/bin/../lib/gcc/nios2-elf/4.9.1/../../../../../H-x86_64-mingw32/nios2-elf/lib/mhw-mulx\libc.a(lib_a-exit.o)
 .debug_line    0x000000000000296e      0x162 c:/altera/15.0/nios2eds/bin/gnu/h-x86_64-mingw32/bin/../lib/gcc/nios2-elf/4.9.1/../../../../../H-x86_64-mingw32/nios2-elf/lib/mhw-mulx\libc.a(lib_a-impure.o)
 .debug_line    0x0000000000002ad0       0x60 c:/altera/15.0/nios2eds/bin/gnu/h-x86_64-mingw32/bin/../lib/gcc/nios2-elf/4.9.1/../../../../../H-x86_64-mingw32/nios2-elf/lib/mhw-mulx\libc.a(lib_a-int_errno.o)
 .debug_line    0x0000000000002b30      0x178 c:/altera/15.0/nios2eds/bin/gnu/h-x86_64-mingw32/bin/../lib/gcc/nios2-elf/4.9.1/../../../../../H-x86_64-mingw32/nios2-elf/lib/mhw-mulx\libc.a(lib_a-memcmp.o)
 .debug_line    0x0000000000002ca8      0x187 c:/altera/15.0/nios2eds/bin/gnu/h-x86_64-mingw32/bin/../lib/gcc/nios2-elf/4.9.1/../../../../../H-x86_64-mingw32/nios2-elf/lib/mhw-mulx\libc.a(lib_a-memcpy.o)
 .debug_line    0x0000000000002e2f       0xf9 c:/altera/15.0/nios2eds/bin/gnu/h-x86_64-mingw32/bin/../lib/gcc/nios2-elf/4.9.1/../../../../../H-x86_64-mingw32/nios2-elf/lib/mhw-mulx\libc.a(lib_a-strcmp.o)
 .debug_line    0x0000000000002f28      0x171 c:/altera/15.0/nios2eds/bin/gnu/h-x86_64-mingw32/bin/../lib/gcc/nios2-elf/4.9.1/../../../../../H-x86_64-mingw32/nios2-elf/lib/mhw-mulx\libc.a(lib_a-strlen.o)
 .debug_line    0x0000000000003099      0x244 c:/altera/15.0/nios2eds/bin/gnu/h-x86_64-mingw32/bin/../lib/gcc/nios2-elf/4.9.1/../../../../../H-x86_64-mingw32/nios2-elf/lib/mhw-mulx\libc.a(lib_a-__call_atexit.o)
 .debug_line    0x00000000000032dd       0xa9 BSP/\libhal_bsp.a(alt_exit.o)

.debug_frame    0x0000000000000000      0xcbc
 *(.debug_frame)
 .debug_frame   0x0000000000000000       0x3c obj/default//C/ECE5760_Epiphyte/lab2_DDA/DE2-115-640x480/DE2-115_Media_Computer/app_software/JTAG_UART_C/JTAG_UART.o
 .debug_frame   0x000000000000003c       0x30 BSP/\libhal_bsp.a(alt_load.o)
 .debug_frame   0x000000000000006c       0x28 BSP/\libhal_bsp.a(alt_main.o)
 .debug_frame   0x0000000000000094       0x54 BSP/\libhal_bsp.a(alt_sys_init.o)
 .debug_frame   0x00000000000000e8       0x80 BSP/\libhal_bsp.a(altera_avalon_jtag_uart_fd.o)
 .debug_frame   0x0000000000000168       0x60 BSP/\libhal_bsp.a(altera_avalon_jtag_uart_init.o)
 .debug_frame   0x00000000000001c8       0x20 BSP/\libhal_bsp.a(altera_avalon_jtag_uart_ioctl.o)
 .debug_frame   0x00000000000001e8       0x98 BSP/\libhal_bsp.a(altera_avalon_jtag_uart_read.o)
 .debug_frame   0x0000000000000280       0x54 BSP/\libhal_bsp.a(altera_avalon_jtag_uart_write.o)
 .debug_frame   0x00000000000002d4       0x4c BSP/\libhal_bsp.a(altera_avalon_timer_sc.o)
 .debug_frame   0x0000000000000320       0xf8 BSP/\libhal_bsp.a(altera_up_avalon_character_lcd.o)
 .debug_frame   0x0000000000000418       0xec BSP/\libhal_bsp.a(altera_up_avalon_irda.o)
 .debug_frame   0x0000000000000504      0x198 BSP/\libhal_bsp.a(altera_up_avalon_ps2.o)
 .debug_frame   0x000000000000069c       0xec BSP/\libhal_bsp.a(altera_up_avalon_rs232.o)
 .debug_frame   0x0000000000000788       0x80 BSP/\libhal_bsp.a(altera_up_avalon_video_character_buffer_with_dma.o)
 .debug_frame   0x0000000000000808       0x20 BSP/\libhal_bsp.a(alt_alarm_start.o)
 .debug_frame   0x0000000000000828       0x34 BSP/\libhal_bsp.a(alt_close.o)
 .debug_frame   0x000000000000085c       0x20 BSP/\libhal_bsp.a(alt_dcache_flush_all.o)
 .debug_frame   0x000000000000087c       0x20 BSP/\libhal_bsp.a(alt_dev.o)
 .debug_frame   0x000000000000089c       0x40 BSP/\libhal_bsp.a(alt_dev_llist_insert.o)
 .debug_frame   0x00000000000008dc       0x3c BSP/\libhal_bsp.a(alt_find_dev.o)
 .debug_frame   0x0000000000000918       0x2c BSP/\libhal_bsp.a(alt_icache_flush_all.o)
 .debug_frame   0x0000000000000944       0x60 BSP/\libhal_bsp.a(alt_io_redirect.o)
 .debug_frame   0x00000000000009a4       0x20 BSP/\libhal_bsp.a(alt_irq_register.o)
 .debug_frame   0x00000000000009c4       0x44 BSP/\libhal_bsp.a(alt_open.o)
 .debug_frame   0x0000000000000a08       0x20 BSP/\libhal_bsp.a(alt_release_fd.o)
 .debug_frame   0x0000000000000a28       0x4c BSP/\libhal_bsp.a(alt_tick.o)
 .debug_frame   0x0000000000000a74       0x20 BSP/\libhal_bsp.a(altera_nios2_gen2_irq.o)
 .debug_frame   0x0000000000000a94       0x40 BSP/\libhal_bsp.a(alt_find_file.o)
 .debug_frame   0x0000000000000ad4       0x20 BSP/\libhal_bsp.a(alt_get_fd.o)
 .debug_frame   0x0000000000000af4       0x20 BSP/\libhal_bsp.a(alt_icache_flush.o)
 .debug_frame   0x0000000000000b14       0x38 BSP/\libhal_bsp.a(alt_irq_handler.o)
 .debug_frame   0x0000000000000b4c       0x44 BSP/\libhal_bsp.a(alt_instruction_exception_entry.o)
 .debug_frame   0x0000000000000b90       0x28 c:/altera/15.0/nios2eds/bin/gnu/h-x86_64-mingw32/bin/../lib/gcc/nios2-elf/4.9.1/../../../../../H-x86_64-mingw32/nios2-elf/lib/mhw-mulx\libc.a(lib_a-exit.o)
 .debug_frame   0x0000000000000bb8       0x20 c:/altera/15.0/nios2eds/bin/gnu/h-x86_64-mingw32/bin/../lib/gcc/nios2-elf/4.9.1/../../../../../H-x86_64-mingw32/nios2-elf/lib/mhw-mulx\libc.a(lib_a-memcmp.o)
 .debug_frame   0x0000000000000bd8       0x30 c:/altera/15.0/nios2eds/bin/gnu/h-x86_64-mingw32/bin/../lib/gcc/nios2-elf/4.9.1/../../../../../H-x86_64-mingw32/nios2-elf/lib/mhw-mulx\libc.a(lib_a-memcpy.o)
 .debug_frame   0x0000000000000c08       0x20 c:/altera/15.0/nios2eds/bin/gnu/h-x86_64-mingw32/bin/../lib/gcc/nios2-elf/4.9.1/../../../../../H-x86_64-mingw32/nios2-elf/lib/mhw-mulx\libc.a(lib_a-strcmp.o)
 .debug_frame   0x0000000000000c28       0x20 c:/altera/15.0/nios2eds/bin/gnu/h-x86_64-mingw32/bin/../lib/gcc/nios2-elf/4.9.1/../../../../../H-x86_64-mingw32/nios2-elf/lib/mhw-mulx\libc.a(lib_a-strlen.o)
 .debug_frame   0x0000000000000c48       0x54 c:/altera/15.0/nios2eds/bin/gnu/h-x86_64-mingw32/bin/../lib/gcc/nios2-elf/4.9.1/../../../../../H-x86_64-mingw32/nios2-elf/lib/mhw-mulx\libc.a(lib_a-__call_atexit.o)
 .debug_frame   0x0000000000000c9c       0x20 BSP/\libhal_bsp.a(alt_exit.o)

.debug_str      0x0000000000000000     0x23fb
 *(.debug_str)
 .debug_str     0x0000000000000000       0xe2 obj/default//C/ECE5760_Epiphyte/lab2_DDA/DE2-115-640x480/DE2-115_Media_Computer/app_software/JTAG_UART_C/JTAG_UART.o
                                         0xf1 (size before relaxing)
 .debug_str     0x00000000000000e2      0x19c BSP/\libhal_bsp.a(alt_load.o)
                                        0x223 (size before relaxing)
 .debug_str     0x000000000000027e       0xbb BSP/\libhal_bsp.a(alt_main.o)
                                        0x1e7 (size before relaxing)
 .debug_str     0x0000000000000339      0x5e6 BSP/\libhal_bsp.a(alt_sys_init.o)
                                        0x7d8 (size before relaxing)
 .debug_str     0x000000000000091f      0x129 BSP/\libhal_bsp.a(altera_avalon_jtag_uart_fd.o)
                                        0x402 (size before relaxing)
 .debug_str     0x0000000000000a48       0xbc BSP/\libhal_bsp.a(altera_avalon_jtag_uart_init.o)
                                        0x36e (size before relaxing)
 .debug_str     0x0000000000000b04       0x2c BSP/\libhal_bsp.a(altera_avalon_jtag_uart_ioctl.o)
                                        0x27a (size before relaxing)
 .debug_str     0x0000000000000b30       0x69 BSP/\libhal_bsp.a(altera_avalon_jtag_uart_read.o)
                                        0x2f7 (size before relaxing)
 .debug_str     0x0000000000000b99       0x2c BSP/\libhal_bsp.a(altera_avalon_jtag_uart_write.o)
                                        0x2f8 (size before relaxing)
 .debug_str     0x0000000000000bc5       0x5d BSP/\libhal_bsp.a(altera_avalon_timer_sc.o)
                                        0x27a (size before relaxing)
 .debug_str     0x0000000000000c22      0x1dd BSP/\libhal_bsp.a(altera_up_avalon_character_lcd.o)
                                        0x3e5 (size before relaxing)
 .debug_str     0x0000000000000dff      0x176 BSP/\libhal_bsp.a(altera_up_avalon_irda.o)
                                        0x353 (size before relaxing)
 .debug_str     0x0000000000000f75      0x1b5 BSP/\libhal_bsp.a(altera_up_avalon_ps2.o)
                                        0x426 (size before relaxing)
 .debug_str     0x000000000000112a      0x154 BSP/\libhal_bsp.a(altera_up_avalon_rs232.o)
                                        0x360 (size before relaxing)
 .debug_str     0x000000000000127e       0xb9 BSP/\libhal_bsp.a(altera_up_avalon_video_character_buffer_with_dma.o)
                                        0x31d (size before relaxing)
 .debug_str     0x0000000000001337       0x49 BSP/\libhal_bsp.a(alt_alarm_start.o)
                                        0x286 (size before relaxing)
 .debug_str     0x0000000000001380       0x53 BSP/\libhal_bsp.a(alt_close.o)
                                        0x201 (size before relaxing)
 .debug_str     0x00000000000013d3       0x1f BSP/\libhal_bsp.a(alt_dcache_flush_all.o)
                                        0x13c (size before relaxing)
 .debug_str     0x00000000000013f2      0x120 BSP/\libhal_bsp.a(alt_dev.o)
                                        0x2ec (size before relaxing)
 .debug_str     0x0000000000001512       0x1f BSP/\libhal_bsp.a(alt_dev_llist_insert.o)
                                        0x1b3 (size before relaxing)
 .debug_str     0x0000000000001531       0x14 BSP/\libhal_bsp.a(alt_errno.o)
                                        0x12c (size before relaxing)
 .debug_str     0x0000000000001545       0x2c BSP/\libhal_bsp.a(alt_find_dev.o)
                                        0x1e8 (size before relaxing)
 .debug_str     0x0000000000001571       0x30 BSP/\libhal_bsp.a(alt_icache_flush_all.o)
                                        0x155 (size before relaxing)
 .debug_str     0x00000000000015a1       0x46 BSP/\libhal_bsp.a(alt_io_redirect.o)
                                        0x30c (size before relaxing)
 .debug_str     0x00000000000015e7       0x52 BSP/\libhal_bsp.a(alt_irq_register.o)
                                        0x1ef (size before relaxing)
 .debug_str     0x0000000000001639       0x17 BSP/\libhal_bsp.a(alt_irq_vars.o)
                                        0x12d (size before relaxing)
 .debug_str     0x0000000000001650       0x48 BSP/\libhal_bsp.a(alt_open.o)
                                        0x267 (size before relaxing)
 .debug_str     0x0000000000001698       0x19 BSP/\libhal_bsp.a(alt_release_fd.o)
                                        0x1c6 (size before relaxing)
 .debug_str     0x00000000000016b1       0x41 BSP/\libhal_bsp.a(alt_tick.o)
                                        0x25a (size before relaxing)
 .debug_str     0x00000000000016f2       0x20 BSP/\libhal_bsp.a(altera_nios2_gen2_irq.o)
                                        0x16c (size before relaxing)
 .debug_str     0x0000000000001712       0x18 BSP/\libhal_bsp.a(alt_find_file.o)
                                        0x1f6 (size before relaxing)
 .debug_str     0x000000000000172a       0x25 BSP/\libhal_bsp.a(alt_get_fd.o)
                                        0x203 (size before relaxing)
 .debug_str     0x000000000000174f       0x1b BSP/\libhal_bsp.a(alt_icache_flush.o)
                                        0x142 (size before relaxing)
 .debug_str     0x000000000000176a       0x3a BSP/\libhal_bsp.a(alt_irq_handler.o)
                                        0x19f (size before relaxing)
 .debug_str     0x00000000000017a4      0x48b BSP/\libhal_bsp.a(alt_instruction_exception_entry.o)
                                        0x586 (size before relaxing)
 .debug_str     0x0000000000001c2f      0x47c c:/altera/15.0/nios2eds/bin/gnu/h-x86_64-mingw32/bin/../lib/gcc/nios2-elf/4.9.1/../../../../../H-x86_64-mingw32/nios2-elf/lib/mhw-mulx\libc.a(lib_a-exit.o)
                                        0x577 (size before relaxing)
 .debug_str     0x00000000000020ab       0xd5 c:/altera/15.0/nios2eds/bin/gnu/h-x86_64-mingw32/bin/../lib/gcc/nios2-elf/4.9.1/../../../../../H-x86_64-mingw32/nios2-elf/lib/mhw-mulx\libc.a(lib_a-impure.o)
                                        0x56e (size before relaxing)
 .debug_str     0x0000000000002180       0x40 c:/altera/15.0/nios2eds/bin/gnu/h-x86_64-mingw32/bin/../lib/gcc/nios2-elf/4.9.1/../../../../../H-x86_64-mingw32/nios2-elf/lib/mhw-mulx\libc.a(lib_a-int_errno.o)
                                        0x19d (size before relaxing)
 .debug_str     0x00000000000021c0       0xcb c:/altera/15.0/nios2eds/bin/gnu/h-x86_64-mingw32/bin/../lib/gcc/nios2-elf/4.9.1/../../../../../H-x86_64-mingw32/nios2-elf/lib/mhw-mulx\libc.a(lib_a-memcmp.o)
                                        0x1a4 (size before relaxing)
 .debug_str     0x000000000000228b       0x65 c:/altera/15.0/nios2eds/bin/gnu/h-x86_64-mingw32/bin/../lib/gcc/nios2-elf/4.9.1/../../../../../H-x86_64-mingw32/nios2-elf/lib/mhw-mulx\libc.a(lib_a-memcpy.o)
                                        0x1cb (size before relaxing)
 .debug_str     0x00000000000022f0       0x3e c:/altera/15.0/nios2eds/bin/gnu/h-x86_64-mingw32/bin/../lib/gcc/nios2-elf/4.9.1/../../../../../H-x86_64-mingw32/nios2-elf/lib/mhw-mulx\libc.a(lib_a-strcmp.o)
                                        0x19d (size before relaxing)
 .debug_str     0x000000000000232e       0x4b c:/altera/15.0/nios2eds/bin/gnu/h-x86_64-mingw32/bin/../lib/gcc/nios2-elf/4.9.1/../../../../../H-x86_64-mingw32/nios2-elf/lib/mhw-mulx\libc.a(lib_a-strlen.o)
                                        0x1b7 (size before relaxing)
 .debug_str     0x0000000000002379       0x58 c:/altera/15.0/nios2eds/bin/gnu/h-x86_64-mingw32/bin/../lib/gcc/nios2-elf/4.9.1/../../../../../H-x86_64-mingw32/nios2-elf/lib/mhw-mulx\libc.a(lib_a-__call_atexit.o)
                                        0x58d (size before relaxing)
 .debug_str     0x00000000000023d1       0x2a BSP/\libhal_bsp.a(alt_exit.o)
                                        0x161 (size before relaxing)

.debug_loc      0x0000000000000000     0x2f2b
 *(.debug_loc)
 .debug_loc     0x0000000000000000       0xcc obj/default//C/ECE5760_Epiphyte/lab2_DDA/DE2-115-640x480/DE2-115_Media_Computer/app_software/JTAG_UART_C/JTAG_UART.o
 .debug_loc     0x00000000000000cc       0x66 BSP/\libhal_bsp.a(alt_load.o)
 .debug_loc     0x0000000000000132       0x1e BSP/\libhal_bsp.a(alt_main.o)
 .debug_loc     0x0000000000000150       0x47 BSP/\libhal_bsp.a(alt_sys_init.o)
 .debug_loc     0x0000000000000197      0x218 BSP/\libhal_bsp.a(altera_avalon_jtag_uart_fd.o)
 .debug_loc     0x00000000000003af      0x182 BSP/\libhal_bsp.a(altera_avalon_jtag_uart_init.o)
 .debug_loc     0x0000000000000531       0x9f BSP/\libhal_bsp.a(altera_avalon_jtag_uart_ioctl.o)
 .debug_loc     0x00000000000005d0      0x209 BSP/\libhal_bsp.a(altera_avalon_jtag_uart_read.o)
 .debug_loc     0x00000000000007d9      0x1cf BSP/\libhal_bsp.a(altera_avalon_jtag_uart_write.o)
 .debug_loc     0x00000000000009a8      0x123 BSP/\libhal_bsp.a(altera_avalon_timer_sc.o)
 .debug_loc     0x0000000000000acb      0x3a8 BSP/\libhal_bsp.a(altera_up_avalon_character_lcd.o)
 .debug_loc     0x0000000000000e73      0x3a8 BSP/\libhal_bsp.a(altera_up_avalon_irda.o)
 .debug_loc     0x000000000000121b      0x4af BSP/\libhal_bsp.a(altera_up_avalon_ps2.o)
 .debug_loc     0x00000000000016ca      0x35a BSP/\libhal_bsp.a(altera_up_avalon_rs232.o)
 .debug_loc     0x0000000000001a24      0x1d4 BSP/\libhal_bsp.a(altera_up_avalon_video_character_buffer_with_dma.o)
 .debug_loc     0x0000000000001bf8       0xbd BSP/\libhal_bsp.a(alt_alarm_start.o)
 .debug_loc     0x0000000000001cb5       0xcc BSP/\libhal_bsp.a(alt_close.o)
 .debug_loc     0x0000000000001d81       0xcc BSP/\libhal_bsp.a(alt_dev_llist_insert.o)
 .debug_loc     0x0000000000001e4d       0x7e BSP/\libhal_bsp.a(alt_find_dev.o)
 .debug_loc     0x0000000000001ecb      0x13c BSP/\libhal_bsp.a(alt_io_redirect.o)
 .debug_loc     0x0000000000002007      0x232 BSP/\libhal_bsp.a(alt_irq_register.o)
 .debug_loc     0x0000000000002239      0x328 BSP/\libhal_bsp.a(alt_open.o)
 .debug_loc     0x0000000000002561       0x21 BSP/\libhal_bsp.a(alt_release_fd.o)
 .debug_loc     0x0000000000002582       0x7b BSP/\libhal_bsp.a(alt_tick.o)
 .debug_loc     0x00000000000025fd       0x7e BSP/\libhal_bsp.a(alt_find_file.o)
 .debug_loc     0x000000000000267b       0x6e BSP/\libhal_bsp.a(alt_get_fd.o)
 .debug_loc     0x00000000000026e9       0x5d BSP/\libhal_bsp.a(alt_icache_flush.o)
 .debug_loc     0x0000000000002746       0xa5 BSP/\libhal_bsp.a(alt_irq_handler.o)
 .debug_loc     0x00000000000027eb       0xbd BSP/\libhal_bsp.a(alt_instruction_exception_entry.o)
 .debug_loc     0x00000000000028a8       0x1e c:/altera/15.0/nios2eds/bin/gnu/h-x86_64-mingw32/bin/../lib/gcc/nios2-elf/4.9.1/../../../../../H-x86_64-mingw32/nios2-elf/lib/mhw-mulx\libc.a(lib_a-exit.o)
 .debug_loc     0x00000000000028c6      0x126 c:/altera/15.0/nios2eds/bin/gnu/h-x86_64-mingw32/bin/../lib/gcc/nios2-elf/4.9.1/../../../../../H-x86_64-mingw32/nios2-elf/lib/mhw-mulx\libc.a(lib_a-memcmp.o)
 .debug_loc     0x00000000000029ec      0x2a2 c:/altera/15.0/nios2eds/bin/gnu/h-x86_64-mingw32/bin/../lib/gcc/nios2-elf/4.9.1/../../../../../H-x86_64-mingw32/nios2-elf/lib/mhw-mulx\libc.a(lib_a-memcpy.o)
 .debug_loc     0x0000000000002c8e       0xb0 c:/altera/15.0/nios2eds/bin/gnu/h-x86_64-mingw32/bin/../lib/gcc/nios2-elf/4.9.1/../../../../../H-x86_64-mingw32/nios2-elf/lib/mhw-mulx\libc.a(lib_a-strcmp.o)
 .debug_loc     0x0000000000002d3e       0x47 c:/altera/15.0/nios2eds/bin/gnu/h-x86_64-mingw32/bin/../lib/gcc/nios2-elf/4.9.1/../../../../../H-x86_64-mingw32/nios2-elf/lib/mhw-mulx\libc.a(lib_a-strlen.o)
 .debug_loc     0x0000000000002d85      0x1a6 c:/altera/15.0/nios2eds/bin/gnu/h-x86_64-mingw32/bin/../lib/gcc/nios2-elf/4.9.1/../../../../../H-x86_64-mingw32/nios2-elf/lib/mhw-mulx\libc.a(lib_a-__call_atexit.o)

.debug_macinfo
 *(.debug_macinfo)

.debug_weaknames
 *(.debug_weaknames)

.debug_funcnames
 *(.debug_funcnames)

.debug_typenames
 *(.debug_typenames)

.debug_varnames
 *(.debug_varnames)

.debug_alt_sim_info
                0x0000000000000000       0x20
 *(.debug_alt_sim_info)
 .debug_alt_sim_info
                0x0000000000000000       0x20 BSP//obj/HAL/src/crt0.o
                0x0000000004000000                __alt_data_end = 0x4000000
                0x0000000004000000                PROVIDE (__alt_stack_pointer, __alt_data_end)
                0x0000000000005c78                PROVIDE (__alt_stack_limit, __alt_stack_base)
                0x0000000000005c78                PROVIDE (__alt_heap_start, end)
                0x0000000004000000                PROVIDE (__alt_heap_limit, 0x4000000)
OUTPUT(C:/ECE5760_Epiphyte/lab2_DDA/DE2-115-640x480/JTAG_UART.elf elf32-littlenios2)

.debug_ranges   0x0000000000000000      0x180
 .debug_ranges  0x0000000000000000       0x20 BSP//obj/HAL/src/crt0.o
 .debug_ranges  0x0000000000000020       0x30 BSP/\libhal_bsp.a(altera_avalon_jtag_uart_init.o)
 .debug_ranges  0x0000000000000050       0x18 BSP/\libhal_bsp.a(altera_avalon_jtag_uart_read.o)
 .debug_ranges  0x0000000000000068       0x38 BSP/\libhal_bsp.a(altera_avalon_jtag_uart_write.o)
 .debug_ranges  0x00000000000000a0       0x18 BSP/\libhal_bsp.a(alt_dev_llist_insert.o)
 .debug_ranges  0x00000000000000b8       0x20 BSP/\libhal_bsp.a(alt_open.o)
 .debug_ranges  0x00000000000000d8       0x10 BSP/\libhal_bsp.a(alt_icache_flush.o)
 .debug_ranges  0x00000000000000e8       0x28 BSP/\libhal_bsp.a(alt_irq_entry.o)
 .debug_ranges  0x0000000000000110       0x10 BSP/\libhal_bsp.a(alt_irq_handler.o)
 .debug_ranges  0x0000000000000120       0x30 BSP/\libhal_bsp.a(alt_exception_entry.o)
 .debug_ranges  0x0000000000000150       0x18 BSP/\libhal_bsp.a(alt_instruction_exception_entry.o)
 .debug_ranges  0x0000000000000168       0x18 c:/altera/15.0/nios2eds/bin/gnu/h-x86_64-mingw32/bin/../lib/gcc/nios2-elf/4.9.1/../../../../../H-x86_64-mingw32/nios2-elf/lib/mhw-mulx\libc.a(lib_a-__call_atexit.o)
